Component: ARM Compiler 5.06 update 5 (build 528) Tool: armlink [4d35e2]

==============================================================================

Section Cross References

    stm32f10x_adc.o(i.ADC_DeInit) refers to stm32f10x_rcc.o(i.RCC_APB2PeriphResetCmd) for RCC_APB2PeriphResetCmd
    stm32f10x_bkp.o(i.BKP_DeInit) refers to stm32f10x_rcc.o(i.RCC_BackupResetCmd) for RCC_BackupResetCmd
    stm32f10x_can.o(i.CAN_DeInit) refers to stm32f10x_rcc.o(i.RCC_APB1PeriphResetCmd) for RCC_APB1PeriphResetCmd
    stm32f10x_can.o(i.CAN_GetITStatus) refers to stm32f10x_can.o(i.CheckITStatus) for CheckITStatus
    stm32f10x_cec.o(i.CEC_DeInit) refers to stm32f10x_rcc.o(i.RCC_APB1PeriphResetCmd) for RCC_APB1PeriphResetCmd
    stm32f10x_dac.o(i.DAC_DeInit) refers to stm32f10x_rcc.o(i.RCC_APB1PeriphResetCmd) for RCC_APB1PeriphResetCmd
    stm32f10x_flash.o(i.FLASH_EnableWriteProtection) refers to stm32f10x_flash.o(i.FLASH_WaitForLastOperation) for FLASH_WaitForLastOperation
    stm32f10x_flash.o(i.FLASH_EraseAllBank1Pages) refers to stm32f10x_flash.o(i.FLASH_WaitForLastBank1Operation) for FLASH_WaitForLastBank1Operation
    stm32f10x_flash.o(i.FLASH_EraseAllPages) refers to stm32f10x_flash.o(i.FLASH_WaitForLastOperation) for FLASH_WaitForLastOperation
    stm32f10x_flash.o(i.FLASH_EraseOptionBytes) refers to stm32f10x_flash.o(i.FLASH_GetReadOutProtectionStatus) for FLASH_GetReadOutProtectionStatus
    stm32f10x_flash.o(i.FLASH_EraseOptionBytes) refers to stm32f10x_flash.o(i.FLASH_WaitForLastOperation) for FLASH_WaitForLastOperation
    stm32f10x_flash.o(i.FLASH_ErasePage) refers to stm32f10x_flash.o(i.FLASH_WaitForLastOperation) for FLASH_WaitForLastOperation
    stm32f10x_flash.o(i.FLASH_ProgramHalfWord) refers to stm32f10x_flash.o(i.FLASH_WaitForLastOperation) for FLASH_WaitForLastOperation
    stm32f10x_flash.o(i.FLASH_ProgramOptionByteData) refers to stm32f10x_flash.o(i.FLASH_WaitForLastOperation) for FLASH_WaitForLastOperation
    stm32f10x_flash.o(i.FLASH_ProgramWord) refers to stm32f10x_flash.o(i.FLASH_WaitForLastOperation) for FLASH_WaitForLastOperation
    stm32f10x_flash.o(i.FLASH_ReadOutProtection) refers to stm32f10x_flash.o(i.FLASH_WaitForLastOperation) for FLASH_WaitForLastOperation
    stm32f10x_flash.o(i.FLASH_UserOptionByteConfig) refers to stm32f10x_flash.o(i.FLASH_WaitForLastOperation) for FLASH_WaitForLastOperation
    stm32f10x_flash.o(i.FLASH_WaitForLastBank1Operation) refers to stm32f10x_flash.o(i.FLASH_GetBank1Status) for FLASH_GetBank1Status
    stm32f10x_flash.o(i.FLASH_WaitForLastOperation) refers to stm32f10x_flash.o(i.FLASH_GetBank1Status) for FLASH_GetBank1Status
    stm32f10x_gpio.o(i.GPIO_AFIODeInit) refers to stm32f10x_rcc.o(i.RCC_APB2PeriphResetCmd) for RCC_APB2PeriphResetCmd
    stm32f10x_gpio.o(i.GPIO_DeInit) refers to stm32f10x_rcc.o(i.RCC_APB2PeriphResetCmd) for RCC_APB2PeriphResetCmd
    stm32f10x_i2c.o(i.I2C_DeInit) refers to stm32f10x_rcc.o(i.RCC_APB1PeriphResetCmd) for RCC_APB1PeriphResetCmd
    stm32f10x_i2c.o(i.I2C_Init) refers to stm32f10x_rcc.o(i.RCC_GetClocksFreq) for RCC_GetClocksFreq
    stm32f10x_pwr.o(i.PWR_DeInit) refers to stm32f10x_rcc.o(i.RCC_APB1PeriphResetCmd) for RCC_APB1PeriphResetCmd
    stm32f10x_rcc.o(i.RCC_GetClocksFreq) refers to stm32f10x_rcc.o(.data) for APBAHBPrescTable
    stm32f10x_rcc.o(i.RCC_WaitForHSEStartUp) refers to stm32f10x_rcc.o(i.RCC_GetFlagStatus) for RCC_GetFlagStatus
    stm32f10x_rtc.o(i.RTC_SetAlarm) refers to stm32f10x_rtc.o(i.RTC_EnterConfigMode) for RTC_EnterConfigMode
    stm32f10x_rtc.o(i.RTC_SetAlarm) refers to stm32f10x_rtc.o(i.RTC_ExitConfigMode) for RTC_ExitConfigMode
    stm32f10x_rtc.o(i.RTC_SetCounter) refers to stm32f10x_rtc.o(i.RTC_EnterConfigMode) for RTC_EnterConfigMode
    stm32f10x_rtc.o(i.RTC_SetCounter) refers to stm32f10x_rtc.o(i.RTC_ExitConfigMode) for RTC_ExitConfigMode
    stm32f10x_rtc.o(i.RTC_SetPrescaler) refers to stm32f10x_rtc.o(i.RTC_EnterConfigMode) for RTC_EnterConfigMode
    stm32f10x_rtc.o(i.RTC_SetPrescaler) refers to stm32f10x_rtc.o(i.RTC_ExitConfigMode) for RTC_ExitConfigMode
    stm32f10x_spi.o(i.I2S_Init) refers to stm32f10x_rcc.o(i.RCC_GetClocksFreq) for RCC_GetClocksFreq
    stm32f10x_spi.o(i.SPI_I2S_DeInit) refers to stm32f10x_rcc.o(i.RCC_APB2PeriphResetCmd) for RCC_APB2PeriphResetCmd
    stm32f10x_spi.o(i.SPI_I2S_DeInit) refers to stm32f10x_rcc.o(i.RCC_APB1PeriphResetCmd) for RCC_APB1PeriphResetCmd
    stm32f10x_tim.o(i.TIM_DeInit) refers to stm32f10x_rcc.o(i.RCC_APB2PeriphResetCmd) for RCC_APB2PeriphResetCmd
    stm32f10x_tim.o(i.TIM_DeInit) refers to stm32f10x_rcc.o(i.RCC_APB1PeriphResetCmd) for RCC_APB1PeriphResetCmd
    stm32f10x_tim.o(i.TIM_ETRClockMode1Config) refers to stm32f10x_tim.o(i.TIM_ETRConfig) for TIM_ETRConfig
    stm32f10x_tim.o(i.TIM_ETRClockMode2Config) refers to stm32f10x_tim.o(i.TIM_ETRConfig) for TIM_ETRConfig
    stm32f10x_tim.o(i.TIM_ICInit) refers to stm32f10x_tim.o(i.TI1_Config) for TI1_Config
[...]
    .constdata                               0x08005800   Section       10  numdisplay.o(.constdata)
    x$fpl$usenofp                            0x08005800   Section        0  usenofp.o(x$fpl$usenofp)
    .constdata                               0x0800580a   Section     6080  oled.o(.constdata)
    .constdata                               0x08006fcc   Section        8  _printf_wctomb.o(.constdata)
    initial_mbstate                          0x08006fcc   Data           8  _printf_wctomb.o(.constdata)
    .constdata                               0x08006fd4   Section       40  _printf_hex_int_ll_ptr.o(.constdata)
    uc_hextab                                0x08006fd4   Data          20  _printf_hex_int_ll_ptr.o(.constdata)
    lc_hextab                                0x08006fe8   Data          20  _printf_hex_int_ll_ptr.o(.constdata)
    .constdata                               0x08006ffc   Section       17  __printf_flags_ss_wp.o(.constdata)
    maptable                                 0x08006ffc   Data          17  __printf_flags_ss_wp.o(.constdata)
    .constdata                               0x0800700d   Section       38  _printf_fp_hex.o(.constdata)
    lc_hextab                                0x0800700d   Data          19  _printf_fp_hex.o(.constdata)
    uc_hextab                                0x08007020   Data          19  _printf_fp_hex.o(.constdata)
    .constdata                               0x08007034   Section      148  bigflt0.o(.constdata)
    tenpwrs_x                                0x08007034   Data          60  bigflt0.o(.constdata)
    tenpwrs_i                                0x08007070   Data          64  bigflt0.o(.constdata)
    locale$$data                             0x080070e8   Section       28  lc_numeric_c.o(locale$$data)
    __lcnum_c_name                           0x080070ec   Data           2  lc_numeric_c.o(locale$$data)
    __lcnum_c_start                          0x080070f4   Data           0  lc_numeric_c.o(locale$$data)
    __lcnum_c_point                          0x08007100   Data           0  lc_numeric_c.o(locale$$data)
    __lcnum_c_thousands                      0x08007102   Data           0  lc_numeric_c.o(locale$$data)
    __lcnum_c_grouping                       0x08007103   Data           0  lc_numeric_c.o(locale$$data)
    locale$$data                             0x08007104   Section      272  lc_ctype_c.o(locale$$data)
    __lcnum_c_end                            0x08007104   Data           0  lc_numeric_c.o(locale$$data)
    __lcctype_c_name                         0x08007108   Data           2  lc_ctype_c.o(locale$$data)
    __lcctype_c_start                        0x08007110   Data           0  lc_ctype_c.o(locale$$data)
    __lcctype_c_end                          0x08007214   Data           0  lc_ctype_c.o(locale$$data)
    .data                                    0x20000000   Section       20  stm32f10x_rcc.o(.data)
    APBAHBPrescTable                         0x20000000   Data          16  stm32f10x_rcc.o(.data)
    ADCPrescTable                            0x20000010   Data           4  stm32f10x_rcc.o(.data)
    .data                                    0x20000014   Section       12  rccar.o(.data)
    .data                                    0x20000020   Section        1  debug.o(.data)
    EnableDebug                              0x20000020   Data           1  debug.o(.data)
    .data                                    0x20000022   Section       51  pwm_out_in.o(.data)
    TIM3_IC_Value                            0x20000022   Data           8  pwm_out_in.o(.data)
    TIM2_IC_Value                            0x2000002a   Data           8  pwm_out_in.o(.data)
    ICValuePre                               0x20000032   Data           8  pwm_out_in.o(.data)
    ICValueLast                              0x2000003a   Data           8  pwm_out_in.o(.data)
    ChannelTrig                              0x20000042   Data           1  pwm_out_in.o(.data)
    ICValuePre                               0x20000044   Data           8  pwm_out_in.o(.data)
    ICValueLast                              0x2000004c   Data           8  pwm_out_in.o(.data)
    ChannelTrig                              0x20000054   Data           1  pwm_out_in.o(.data)
    .data                                    0x20000055   Section        1  key.o(.data)
    KEY_Value                                0x20000055   Data           1  key.o(.data)
    .data                                    0x20000058   Section       60  tasks.o(.data)
    pxDelayedTaskList                        0x2000005c   Data           4  tasks.o(.data)
    pxOverflowDelayedTaskList                0x20000060   Data           4  tasks.o(.data)
    uxDeletedTasksWaitingCleanUp             0x20000064   Data           4  tasks.o(.data)
    uxCurrentNumberOfTasks                   0x20000068   Data           4  tasks.o(.data)
    xTickCount                               0x2000006c   Data           4  tasks.o(.data)
    uxTopReadyPriority                       0x20000070   Data           4  tasks.o(.data)
    xSchedulerRunning                        0x20000074   Data           4  tasks.o(.data)
    uxPendedTicks                            0x20000078   Data           4  tasks.o(.data)
    xYieldPending                            0x2000007c   Data           4  tasks.o(.data)
    xNumOfOverflows                          0x20000080   Data           4  tasks.o(.data)
    uxTaskNumber                             0x20000084   Data           4  tasks.o(.data)
    xNextTaskUnblockTime                     0x20000088   Data           4  tasks.o(.data)
    xIdleTaskHandle                          0x2000008c   Data           4  tasks.o(.data)
    uxSchedulerSuspended                     0x20000090   Data           4  tasks.o(.data)
    .data                                    0x20000094   Section       12  port.o(.data)
    uxCriticalNesting                        0x20000094   Data           4  port.o(.data)
    ucMaxSysCallPriority                     0x20000098   Data           1  port.o(.data)
    ulMaxPRIGROUPValue                       0x2000009c   Data           4  port.o(.data)
    .data                                    0x200000a0   Section       24  heap_4.o(.data)
    xStart                                   0x200000a0   Data           8  heap_4.o(.data)
    pxEnd                                    0x200000a8   Data           4  heap_4.o(.data)
    xFreeBytesRemaining                      0x200000ac   Data           4  heap_4.o(.data)
    xMinimumEverFreeBytesRemaining           0x200000b0   Data           4  heap_4.o(.data)
    xBlockAllocatedBit                       0x200000b4   Data           4  heap_4.o(.data)
    .bss                                     0x200000b8   Section       16  rccar.o(.bss)
    .bss                                     0x200000c8   Section     1024  oled.o(.bss)
    .bss                                     0x200004c8   Section      740  tasks.o(.bss)
    pxReadyTasksLists                        0x200004c8   Data         640  tasks.o(.bss)
    xDelayedTaskList1                        0x20000748   Data          20  tasks.o(.bss)
    xDelayedTaskList2                        0x2000075c   Data          20  tasks.o(.bss)
    xPendingReadyList                        0x20000770   Data          20  tasks.o(.bss)
    xTasksWaitingTermination                 0x20000784   Data          20  tasks.o(.bss)
    xSuspendedTaskList                       0x20000798   Data          20  tasks.o(.bss)
    .bss                                     0x200007ac   Section    32768  heap_4.o(.bss)
    ucHeap                                   0x200007ac   Data       32768  heap_4.o(.bss)
    .bss                                     0x200087ac   Section       96  libspace.o(.bss)
    HEAP                                     0x20008810   Section      512  startup_stm32f10x_cl.o(HEAP)
    Heap_Mem                                 0x20008810   Data         512  startup_stm32f10x_cl.o(HEAP)
    STACK                                    0x20008a10   Section     1024  startup_stm32f10x_cl.o(STACK)
    Stack_Mem                                0x20008a10   Data        1024  startup_stm32f10x_cl.o(STACK)
    __initial_sp                             0x20008e10   Data           0  startup_stm32f10x_cl.o(STACK)

    Global Symbols

    Symbol Name                              Value     Ov Type        Size  Object(Section)

    BuildAttributes$$THM_ISAv4$P$D$K$B$S$PE$A:L22UL41UL21$X:L11$S22US41US21$IEEE1$IW$USESV6$~STKCKD$USESV7$~SHL$OTIME$ROPI$IEEEJ$EBA8$UX$STANDARDLIB$REQ8$PRES8$EABIv2 0x00000000   Number         0  anon$$obj.o ABSOLUTE
    __ARM_use_no_argv                        0x00000000   Number         0  main.o ABSOLUTE
    _printf_flags                            0x00000000   Number         0  printf_stubs.o ABSOLUTE
    _printf_return_value                     0x00000000   Number         0  printf_stubs.o ABSOLUTE
    _printf_sizespec                         0x00000000   Number         0  printf_stubs.o ABSOLUTE
    _printf_widthprec                        0x00000000   Number         0  printf_stubs.o ABSOLUTE
    __ARM_exceptions_init                     - Undefined Weak Reference
    __alloca_initialize                       - Undefined Weak Reference
    __arm_preinit_                            - Undefined Weak Reference
    __cpp_initialize__aeabi_                  - Undefined Weak Reference
    __cxa_finalize                            - Undefined Weak Reference
    __sigvec_lookup                           - Undefined Weak Reference
    _atexit_init                              - Undefined Weak Reference
    _call_atexit_fns                          - Undefined Weak Reference
    _clock_init                               - Undefined Weak Reference
    _fp_trap_init                             - Undefined Weak Reference
    _fp_trap_shutdown                         - Undefined Weak Reference
    _get_lc_collate                           - Undefined Weak Reference
    _get_lc_monetary                          - Undefined Weak Reference
    _get_lc_time                              - Undefined Weak Reference
    _getenv_init                              - Undefined Weak Reference
    _handle_redirection                       - Undefined Weak Reference
    _init_alloc                               - Undefined Weak Reference
    _init_user_alloc                          - Undefined Weak Reference
    _initio                                   - Undefined Weak Reference
    _printf_mbtowc                            - Undefined Weak Reference
    _printf_wc                                - Undefined Weak Reference
    _rand_init                                - Undefined Weak Reference
    _signal_finish                            - Undefined Weak Reference
    _signal_init                              - Undefined Weak Reference
    _terminate_alloc                          - Undefined Weak Reference
    _terminate_user_alloc                     - Undefined Weak Reference
    _terminateio                              - Undefined Weak Reference
    __Vectors_Size                           0x00000150   Number         0  startup_stm32f10x_cl.o ABSOLUTE
    __Vectors                                0x08000000   Data           4  startup_stm32f10x_cl.o(RESET)
    __Vectors_End                            0x08000150   Data           0  startup_stm32f10x_cl.o(RESET)
    __main                                   0x08000151   Thumb Code     8  __main.o(!!!main)
    __scatterload                            0x08000159   Thumb Code     0  __scatter.o(!!!scatter)
    __scatterload_rt2                        0x08000159   Thumb Code    44  __scatter.o(!!!scatter)
    __scatterload_rt2_thumb_only             0x08000159   Thumb Code     0  __scatter.o(!!!scatter)
    __scatterload_null                       0x08000167   Thumb Code     0  __scatter.o(!!!scatter)
    __scatterload_copy                       0x0800018d   Thumb Code    26  __scatter_copy.o(!!handler_copy)
    __scatterload_zeroinit                   0x080001a9   Thumb Code    28  __scatter_zi.o(!!handler_zi)
    _printf_n                                0x080001c5   Thumb Code     0  _printf_n.o(.ARM.Collect$$_printf_percent$$00000001)
    _printf_percent                          0x080001c5   Thumb Code     0  _printf_percent.o(.ARM.Collect$$_printf_percent$$00000000)
    _printf_p                                0x080001cb   Thumb Code     0  _printf_p.o(.ARM.Collect$$_printf_percent$$00000002)
    _printf_f                                0x080001d1   Thumb Code     0  _printf_f.o(.ARM.Collect$$_printf_percent$$00000003)
    _printf_e                                0x080001d7   Thumb Code     0  _printf_e.o(.ARM.Collect$$_printf_percent$$00000004)
    _printf_g                                0x080001dd   Thumb Code     0  _printf_g.o(.ARM.Collect$$_printf_percent$$00000005)
    _printf_a                                0x080001e3   Thumb Code     0  _printf_a.o(.ARM.Collect$$_printf_percent$$00000006)
    _printf_ll                               0x080001e9   Thumb Code     0  _printf_ll.o(.ARM.Collect$$_printf_percent$$00000007)
    _printf_i                                0x080001f3   Thumb Code     0  _printf_i.o(.ARM.Collect$$_printf_percent$$00000008)
    _printf_d                                0x080001f9   Thumb Code     0  _printf_d.o(.ARM.Collect$$_printf_percent$$00000009)
    _printf_u                                0x080001ff   Thumb Code     0  _printf_u.o(.ARM.Collect$$_printf_percent$$0000000A)
    _printf_o                                0x08000205   Thumb Code     0  _printf_o.o(.ARM.Collect$$_printf_percent$$0000000B)
    _printf_x                                0x0800020b   Thumb Code     0  _printf_x.o(.ARM.Collect$$_printf_percent$$0000000C)
    _printf_lli                              0x08000211   Thumb Code     0  _printf_lli.o(.ARM.Collect$$_printf_percent$$0000000D)
    _printf_lld                              0x08000217   Thumb Code     0  _printf_lld.o(.ARM.Collect$$_printf_percent$$0000000E)
    _printf_llu                              0x0800021d   Thumb Code     0  _printf_llu.o(.ARM.Collect$$_printf_percent$$0000000F)
    _printf_llo                              0x08000223   Thumb Code     0  _printf_llo.o(.ARM.Collect$$_printf_percent$$00000010)
    _printf_llx                              0x08000229   Thumb Code     0  _printf_llx.o(.ARM.Collect$$_printf_percent$$00000011)
    _printf_l                                0x0800022f   Thumb Code     0  _printf_l.o(.ARM.Collect$$_printf_percent$$00000012)
    _printf_c                                0x08000239   Thumb Code     0  _printf_c.o(.ARM.Collect$$_printf_percent$$00000013)
    _printf_s                                0x0800023f   Thumb Code     0  _printf_s.o(.ARM.Collect$$_printf_percent$$00000014)
    _printf_lc                               0x08000245   Thumb Code     0  _printf_lc.o(.ARM.Collect$$_printf_percent$$00000015)
    _printf_ls                               0x0800024b   Thumb Code     0  _printf_ls.o(.ARM.Collect$$_printf_percent$$00000016)
    _printf_percent_end                      0x08000251   Thumb Code     0  _printf_percent_end.o(.ARM.Collect$$_printf_percent$$00000017)
    __rt_lib_init                            0x08000255   Thumb Code     0  libinit.o(.ARM.Collect$$libinit$$00000000)
    __rt_lib_init_fp_1                       0x08000257   Thumb Code     0  libinit2.o(.ARM.Collect$$libinit$$00000002)
    __rt_lib_init_heap_1                     0x08000257   Thumb Code     0  libinit2.o(.ARM.Collect$$libinit$$0000000A)
    __rt_lib_init_lc_common                  0x08000257   Thumb Code     0  libinit2.o(.ARM.Collect$$libinit$$0000000F)
    __rt_lib_init_preinit_1                  0x08000257   Thumb Code     0  libinit2.o(.ARM.Collect$$libinit$$00000004)
    __rt_lib_init_rand_1                     0x08000257   Thumb Code     0  libinit2.o(.ARM.Collect$$libinit$$0000000E)
    __rt_lib_init_user_alloc_1               0x08000257   Thumb Code     0  libinit2.o(.ARM.Collect$$libinit$$0000000C)
    __rt_lib_init_lc_collate_1               0x0800025d   Thumb Code     0  libinit2.o(.ARM.Collect$$libinit$$00000011)
    __rt_lib_init_lc_ctype_2                 0x0800025d   Thumb Code     0  libinit2.o(.ARM.Collect$$libinit$$00000012)
    __rt_lib_init_lc_ctype_1                 0x08000269   Thumb Code     0  libinit2.o(.ARM.Collect$$libinit$$00000013)
    __rt_lib_init_lc_monetary_1              0x08000269   Thumb Code     0  libinit2.o(.ARM.Collect$$libinit$$00000015)
    __rt_lib_init_lc_numeric_2               0x08000269   Thumb Code     0  libinit2.o(.ARM.Collect$$libinit$$00000016)
    __rt_lib_init_alloca_1                   0x08000273   Thumb Code     0  libinit2.o(.ARM.Collect$$libinit$$0000002E)
    __rt_lib_init_argv_1                     0x08000273   Thumb Code     0  libinit2.o(.ARM.Collect$$libinit$$0000002C)
    __rt_lib_init_atexit_1                   0x08000273   Thumb Code     0  libinit2.o(.ARM.Collect$$libinit$$0000001B)
    __rt_lib_init_clock_1                    0x08000273   Thumb Code     0  libinit2.o(.ARM.Collect$$libinit$$00000021)
    __rt_lib_init_cpp_1                      0x08000273   Thumb Code     0  libinit2.o(.ARM.Collect$$libinit$$00000032)
    __rt_lib_init_exceptions_1               0x08000273   Thumb Code     0  libinit2.o(.ARM.Collect$$libinit$$00000030)
    __rt_lib_init_fp_trap_1                  0x08000273   Thumb Code     0  libinit2.o(.ARM.Collect$$libinit$$0000001F)
    __rt_lib_init_getenv_1                   0x08000273   Thumb Code     0  libinit2.o(.ARM.Collect$$libinit$$00000023)
    __rt_lib_init_lc_numeric_1               0x08000273   Thumb Code     0  libinit2.o(.ARM.Collect$$libinit$$00000017)
    __rt_lib_init_lc_time_1                  0x08000273   Thumb Code     0  libinit2.o(.ARM.Collect$$libinit$$00000019)
    __rt_lib_init_return                     0x08000273   Thumb Code     0  libinit2.o(.ARM.Collect$$libinit$$00000033)
    __rt_lib_init_signal_1                   0x08000273   Thumb Code     0  libinit2.o(.ARM.Collect$$libinit$$0000001D)
    __rt_lib_init_stdio_1                    0x08000273   Thumb Code     0  libinit2.o(.ARM.Collect$$libinit$$00000025)
    __rt_lib_shutdown                        0x08000275   Thumb Code     0  libshutdown.o(.ARM.Collect$$libshutdown$$00000000)
    __rt_lib_shutdown_cpp_1                  0x08000277   Thumb Code     0  libshutdown2.o(.ARM.Collect$$libshutdown$$00000002)
    __rt_lib_shutdown_fp_trap_1              0x08000277   Thumb Code     0  libshutdown2.o(.ARM.Collect$$libshutdown$$00000007)
    __rt_lib_shutdown_heap_1                 0x08000277   Thumb Code     0  libshutdown2.o(.ARM.Collect$$libshutdown$$0000000F)
    __rt_lib_shutdown_return                 0x08000277   Thumb Code     0  libshutdown2.o(.ARM.Collect$$libshutdown$$00000010)
    __rt_lib_shutdown_signal_1               0x08000277   Thumb Code     0  libshutdown2.o(.ARM.Collect$$libshutdown$$0000000A)
    __rt_lib_shutdown_stdio_1                0x08000277   Thumb Code     0  libshutdown2.o(.ARM.Collect$$libshutdown$$00000004)
    __rt_lib_shutdown_user_alloc_1           0x08000277   Thumb Code     0  libshutdown2.o(.ARM.Collect$$libshutdown$$0000000C)
    __rt_entry                               0x08000279   Thumb Code     0  __rtentry.o(.ARM.Collect$$rtentry$$00000000)
    __rt_entry_presh_1                       0x08000279   Thumb Code     0  __rtentry2.o(.ARM.Collect$$rtentry$$00000002)
    __rt_entry_sh                            0x08000279   Thumb Code     0  __rtentry4.o(.ARM.Collect$$rtentry$$00000004)
    __rt_entry_li                            0x0800027f   Thumb Code     0  __rtentry2.o(.ARM.Collect$$rtentry$$0000000A)
    __rt_entry_postsh_1                      0x0800027f   Thumb Code     0  __rtentry2.o(.ARM.Collect$$rtentry$$00000009)
    __rt_entry_main                          0x08000283   Thumb Code     0  __rtentry2.o(.ARM.Collect$$rtentry$$0000000D)
    __rt_entry_postli_1                      0x08000283   Thumb Code     0  __rtentry2.o(.ARM.Collect$$rtentry$$0000000C)
    __rt_exit                                0x0800028b   Thumb Code     0  rtexit.o(.ARM.Collect$$rtexit$$00000000)
    __rt_exit_ls                             0x0800028d   Thumb Code     0  rtexit2.o(.ARM.Collect$$rtexit$$00000003)
    __rt_exit_prels_1                        0x0800028d   Thumb Code     0  rtexit2.o(.ARM.Collect$$rtexit$$00000002)
    __rt_exit_exit                           0x08000291   Thumb Code     0  rtexit2.o(.ARM.Collect$$rtexit$$00000004)
    SVC_Handler                              0x08000299   Thumb Code    32  port.o(.emb_text)
    __asm___6_port_c_39a90d8d__prvStartFirstTask 0x080002bd   Thumb Code    28  port.o(.emb_text)
    PendSV_Handler                           0x080002dd   Thumb Code    72  port.o(.emb_text)
    vPortGetIPSR                             0x08000329   Thumb Code     6  port.o(.emb_text)
    Reset_Handler                            0x08000331   Thumb Code     8  startup_stm32f10x_cl.o(.text)
    NMI_Handler                              0x08000339   Thumb Code     2  startup_stm32f10x_cl.o(.text)
    HardFault_Handler                        0x0800033b   Thumb Code     2  startup_stm32f10x_cl.o(.text)
    MemManage_Handler                        0x0800033d   Thumb Code     2  startup_stm32f10x_cl.o(.text)
    BusFault_Handler                         0x0800033f   Thumb Code     2  startup_stm32f10x_cl.o(.text)
    UsageFault_Handler                       0x08000341   Thumb Code     2  startup_stm32f10x_cl.o(.text)
    DebugMon_Handler                         0x08000345   Thumb Code     2  startup_stm32f10x_cl.o(.text)
    ADC1_2_IRQHandler                        0x0800034b   Thumb Code     0  startup_stm32f10x_cl.o(.text)
    CAN1_RX0_IRQHandler                      0x0800034b   Thumb Code     0  startup_stm32f10x_cl.o(.text)
    CAN1_RX1_IRQHandler                      0x0800034b   Thumb Code     0  startup_stm32f10x_cl.o(.text)
    CAN1_SCE_IRQHandler                      0x0800034b   Thumb Code     0  startup_stm32f10x_cl.o(.text)
    CAN1_TX_IRQHandler                       0x0800034b   Thumb Code     0  startup_stm32f10x_cl.o(.text)
    CAN2_RX0_IRQHandler                      0x0800034b   Thumb Code     0  startup_stm32f10x_cl.o(.text)
    CAN2_RX1_IRQHandler                      0x0800034b   Thumb Code     0  startup_stm32f10x_cl.o(.text)
    CAN2_SCE_IRQHandler                      0x0800034b   Thumb Code     0  startup_stm32f10x_cl.o(.text)
    CAN2_TX_IRQHandler                       0x0800034b   Thumb Code     0  startup_stm32f10x_cl.o(.text)
    DMA1_Channel1_IRQHandler                 0x0800034b   Thumb Code     0  startup_stm32f10x_cl.o(.text)
    DMA1_Channel2_IRQHandler                 0x0800034b   Thumb Code     0  startup_stm32f10x_cl.o(.text)
    DMA1_Channel3_IRQHandler                 0x0800034b   Thumb Code     0  startup_stm32f10x_cl.o(.text)
    DMA1_Channel4_IRQHandler                 0x0800034b   Thumb Code     0  startup_stm32f10x_cl.o(.text)
    DMA1_Channel5_IRQHandler                 0x0800034b   Thumb Code     0  startup_stm32f10x_cl.o(.text)
    DMA1_Channel6_IRQHandler                 0x0800034b   Thumb Code     0  startup_stm32f10x_cl.o(.text)
    DMA1_Channel7_IRQHandler                 0x0800034b   Thumb Code     0  startup_stm32f10x_cl.o(.text)
    DMA2_Channel1_IRQHandler                 0x0800034b   Thumb Code     0  startup_stm32f10x_cl.o(.text)
    DMA2_Channel2_IRQHandler                 0x0800034b   Thumb Code     0  startup_stm32f10x_cl.o(.text)
    DMA2_Channel3_IRQHandler                 0x0800034b   Thumb Code     0  startup_stm32f10x_cl.o(.text)
    DMA2_Channel4_IRQHandler                 0x0800034b   Thumb Code     0  startup_stm32f10x_cl.o(.text)
    DMA2_Channel5_IRQHandler                 0x0800034b   Thumb Code     0  startup_stm32f10x_cl.o(.text)
    ETH_IRQHandler                           0x0800034b   Thumb Code     0  startup_stm32f10x_cl.o(.text)
    ETH_WKUP_IRQHandler                      0x0800034b   Thumb Code     0  startup_stm32f10x_cl.o(.text)
    EXTI0_IRQHandler                         0x0800034b   Thumb Code     0  startup_stm32f10x_cl.o(.text)
    EXTI15_10_IRQHandler                     0x0800034b   Thumb Code     0  startup_stm32f10x_cl.o(.text)
    EXTI1_IRQHandler                         0x0800034b   Thumb Code     0  startup_stm32f10x_cl.o(.text)
    EXTI2_IRQHandler                         0x0800034b   Thumb Code     0  startup_stm32f10x_cl.o(.text)
    EXTI3_IRQHandler                         0x0800034b   Thumb Code     0  startup_stm32f10x_cl.o(.text)
    EXTI4_IRQHandler                         0x0800034b   Thumb Code     0  startup_stm32f10x_cl.o(.text)
    EXTI9_5_IRQHandler                       0x0800034b   Thumb Code     0  startup_stm32f10x_cl.o(.text)
    FLASH_IRQHandler                         0x0800034b   Thumb Code     0  startup_stm32f10x_cl.o(.text)
    I2C1_ER_IRQHandler                       0x0800034b   Thumb Code     0  startup_stm32f10x_cl.o(.text)
    I2C1_EV_IRQHandler                       0x0800034b   Thumb Code     0  startup_stm32f10x_cl.o(.text)
    I2C2_ER_IRQHandler                       0x0800034b   Thumb Code     0  startup_stm32f10x_cl.o(.text)
    I2C2_EV_IRQHandler                       0x0800034b   Thumb Code     0  startup_stm32f10x_cl.o(.text)
    OTG_FS_IRQHandler                        0x0800034b   Thumb Code     0  startup_stm32f10x_cl.o(.text)
    OTG_FS_WKUP_IRQHandler                   0x0800034b   Thumb Code     0  startup_stm32f10x_cl.o(.text)
    PVD_IRQHandler                           0x0800034b   Thumb Code     0  startup_stm32f10x_cl.o(.text)
    RCC_IRQHandler                           0x0800034b   Thumb Code     0  startup_stm32f10x_cl.o(.text)
    RTCAlarm_IRQHandler                      0x0800034b   Thumb Code     0  startup_stm32f10x_cl.o(.text)
    RTC_IRQHandler                           0x0800034b   Thumb Code     0  startup_stm32f10x_cl.o(.text)
    SPI1_IRQHandler                          0x0800034b   Thumb Code     0  startup_stm32f10x_cl.o(.text)
    SPI2_IRQHandler                          0x0800034b   Thumb Code     0  startup_stm32f10x_cl.o(.text)
    SPI3_IRQHandler                          0x0800034b   Thumb Code     0  startup_stm32f10x_cl.o(.text)
    TAMPER_IRQHandler                        0x0800034b   Thumb Code     0  startup_stm32f10x_cl.o(.text)
    TIM1_BRK_IRQHandler                      0x0800034b   Thumb Code     0  startup_stm32f10x_cl.o(.text)
    TIM1_CC_IRQHandler                       0x0800034b   Thumb Code     0  startup_stm32f10x_cl.o(.text)
    TIM1_TRG_COM_IRQHandler                  0x0800034b   Thumb Code     0  startup_stm32f10x_cl.o(.text)
    TIM1_UP_IRQHandler                       0x0800034b   Thumb Code     0  startup_stm32f10x_cl.o(.text)
    TIM4_IRQHandler                          0x0800034b   Thumb Code     0  startup_stm32f10x_cl.o(.text)
    TIM5_IRQHandler                          0x0800034b   Thumb Code     0  startup_stm32f10x_cl.o(.text)
    TIM6_IRQHandler                          0x0800034b   Thumb Code     0  startup_stm32f10x_cl.o(.text)
    TIM7_IRQHandler                          0x0800034b   Thumb Code     0  startup_stm32f10x_cl.o(.text)
    UART4_IRQHandler                         0x0800034b   Thumb Code     0  startup_stm32f10x_cl.o(.text)
    UART5_IRQHandler                         0x0800034b   Thumb Code     0  startup_stm32f10x_cl.o(.text)
    USART2_IRQHandler                        0x0800034b   Thumb Code     0  startup_stm32f10x_cl.o(.text)
    USART3_IRQHandler                        0x0800034b   Thumb Code     0  startup_stm32f10x_cl.o(.text)
    WWDG_IRQHandler                          0x0800034b   Thumb Code     0  startup_stm32f10x_cl.o(.text)
    __user_initial_stackheap                 0x0800034d   Thumb Code     0  startup_stm32f10x_cl.o(.text)
    vsnprintf                                0x08000371   Thumb Code    48  vsnprintf.o(.text)
    __aeabi_memset                           0x080003a5   Thumb Code    16  aeabi_memset.o(.text)
    __aeabi_memclr4                          0x080003b5   Thumb Code     0  rt_memclr_w.o(.text)
    __aeabi_memclr8                          0x080003b5   Thumb Code     0  rt_memclr_w.o(.text)
    __rt_memclr_w                            0x080003b5   Thumb Code    78  rt_memclr_w.o(.text)
    _memset_w                                0x080003b9   Thumb Code     0  rt_memclr_w.o(.text)
    __use_two_region_memory                  0x08000403   Thumb Code     2  heapauxi.o(.text)
    __rt_heap_escrow$2region                 0x08000405   Thumb Code     2  heapauxi.o(.text)
    __rt_heap_expand$2region                 0x08000407   Thumb Code     2  heapauxi.o(.text)
    _printf_pre_padding                      0x08000409   Thumb Code    44  _printf_pad.o(.text)
    _printf_post_padding                     0x08000435   Thumb Code    34  _printf_pad.o(.text)
    _printf_truncate_signed                  0x08000457   Thumb Code    18  _printf_truncate.o(.text)
    _printf_truncate_unsigned                0x08000469   Thumb Code    18  _printf_truncate.o(.text)
    _printf_str                              0x0800047b   Thumb Code    82  _printf_str.o(.text)
    _printf_int_dec                          0x080004cd   Thumb Code   104  _printf_dec.o(.text)
    _printf_charcount                        0x08000545   Thumb Code    40  _printf_charcount.o(.text)
    _printf_char_common                      0x08000577   Thumb Code    32  _printf_char_common.o(.text)
    _sputc                                   0x0800059d   Thumb Code    10  _sputc.o(.text)
    _snputc                                  0x080005a7   Thumb Code    16  _snputc.o(.text)
    _printf_wctomb                           0x080005b9   Thumb Code   182  _printf_wctomb.o(.text)
    _printf_longlong_dec                     0x08000675   Thumb Code   108  _printf_longlong_dec.o(.text)
    _printf_longlong_oct                     0x080006f1   Thumb Code    66  _printf_oct_int_ll.o(.text)
    _printf_int_oct                          0x08000733   Thumb Code    24  _printf_oct_int_ll.o(.text)
    _printf_ll_oct                           0x0800074b   Thumb Code    12  _printf_oct_int_ll.o(.text)
    _printf_longlong_hex                     0x08000761   Thumb Code    86  _printf_hex_int_ll_ptr.o(.text)
    _printf_int_hex                          0x080007b7   Thumb Code    28  _printf_hex_int_ll_ptr.o(.text)
    _printf_ll_hex                           0x080007d3   Thumb Code    12  _printf_hex_int_ll_ptr.o(.text)
    _printf_hex_ptr                          0x080007df   Thumb Code    18  _printf_hex_int_ll_ptr.o(.text)
    __printf                                 0x080007f5   Thumb Code   388  __printf_flags_ss_wp.o(.text)
    __aeabi_memclr                           0x0800097d   Thumb Code     0  rt_memclr.o(.text)
    __rt_memclr                              0x0800097d   Thumb Code    68  rt_memclr.o(.text)
    _memset                                  0x08000981   Thumb Code     0  rt_memclr.o(.text)
    _ll_udiv10                               0x080009c1   Thumb Code   138  lludiv10.o(.text)
    _printf_int_common                       0x08000a4b   Thumb Code   178  _printf_intcommon.o(.text)
    __lib_sel_fp_printf                      0x08000afd   Thumb Code     2  _printf_fp_dec.o(.text)
    _printf_fp_dec_real                      0x08000caf   Thumb Code   620  _printf_fp_dec.o(.text)
    _printf_fp_hex_real                      0x08000f1d   Thumb Code   756  _printf_fp_hex.o(.text)
    _printf_cs_common                        0x08001219   Thumb Code    20  _printf_char.o(.text)
    _printf_char                             0x0800122d   Thumb Code    16  _printf_char.o(.text)
    _printf_string                           0x0800123d   Thumb Code     8  _printf_char.o(.text)
    _printf_lcs_common                       0x08001245   Thumb Code    20  _printf_wchar.o(.text)
    _printf_wchar                            0x08001259   Thumb Code    16  _printf_wchar.o(.text)
    _printf_wstring                          0x08001269   Thumb Code     8  _printf_wchar.o(.text)
    _wcrtomb                                 0x08001271   Thumb Code    64  _wcrtomb.o(.text)
    __user_setup_stackheap                   0x080012b1   Thumb Code    74  sys_stackheap_outer.o(.text)
    __rt_ctype_table                         0x080012fd   Thumb Code    16  rt_ctype_table.o(.text)
    __rt_locale                              0x0800130d   Thumb Code     8  rt_locale_intlibspace.o(.text)
    _printf_fp_infnan                        0x08001315   Thumb Code   112  _printf_fp_infnan.o(.text)
    _btod_etento                             0x08001395   Thumb Code   224  bigflt0.o(.text)
    exit                                     0x08001479   Thumb Code    18  exit.o(.text)
    __user_libspace                          0x0800148d   Thumb Code     8  libspace.o(.text)
    __user_perproc_libspace                  0x0800148d   Thumb Code     0  libspace.o(.text)
    __user_perthread_libspace                0x0800148d   Thumb Code     0  libspace.o(.text)
    strcmp                                   0x08001495   Thumb Code   128  strcmpv7m.o(.text)
    _sys_exit                                0x08001515   Thumb Code     8  sys_exit.o(.text)
    __I$use$semihosting                      0x08001521   Thumb Code     0  use_no_semi.o(.text)
    __use_no_semihosting_swi                 0x08001521   Thumb Code     2  use_no_semi.o(.text)
    __semihosting_library_function           0x08001523   Thumb Code     0  indicate_semi.o(.text)
    _btod_d2e                                0x08001523   Thumb Code    62  btod.o(CL$$btod_d2e)
    _d2e_denorm_low                          0x08001561   Thumb Code    70  btod.o(CL$$btod_d2e_denorm_low)
    _d2e_norm_op1                            0x080015a7   Thumb Code    96  btod.o(CL$$btod_d2e_norm_op1)
    __btod_div_common                        0x08001607   Thumb Code   696  btod.o(CL$$btod_div_common)
    _e2e                                     0x0800193f   Thumb Code   220  btod.o(CL$$btod_e2e)
    _btod_ediv                               0x08001a1b   Thumb Code    42  btod.o(CL$$btod_ediv)
    _btod_emul                               0x08001a45   Thumb Code    42  btod.o(CL$$btod_emul)
    __btod_mult_common                       0x08001a6f   Thumb Code   580  btod.o(CL$$btod_mult_common)
    ADC1_Init                                0x08001cb5   Thumb Code   156  adc.o(i.ADC1_Init)
    ADC_Cmd                                  0x08001d59   Thumb Code    22  stm32f10x_adc.o(i.ADC_Cmd)
    ADC_DeInit                               0x08001d71   Thumb Code    78  stm32f10x_adc.o(i.ADC_DeInit)
    ADC_GetCalibrationStatus                 0x08001dcd   Thumb Code    20  stm32f10x_adc.o(i.ADC_GetCalibrationStatus)
    ADC_GetConversionValue                   0x08001de1   Thumb Code     8  stm32f10x_adc.o(i.ADC_GetConversionValue)
    ADC_GetFlagStatus                        0x08001de9   Thumb Code    18  stm32f10x_adc.o(i.ADC_GetFlagStatus)
    ADC_GetResetCalibrationStatus            0x08001dfb   Thumb Code    20  stm32f10x_adc.o(i.ADC_GetResetCalibrationStatus)
    ADC_Init                                 0x08001e11   Thumb Code    70  stm32f10x_adc.o(i.ADC_Init)
    ADC_RegularChannelConfig                 0x08001e61   Thumb Code   184  stm32f10x_adc.o(i.ADC_RegularChannelConfig)
    ADC_ResetCalibration                     0x08001f19   Thumb Code    10  stm32f10x_adc.o(i.ADC_ResetCalibration)
    ADC_SoftwareStartConvCmd                 0x08001f23   Thumb Code    22  stm32f10x_adc.o(i.ADC_SoftwareStartConvCmd)
    ADC_StartCalibration                     0x08001f39   Thumb Code    10  stm32f10x_adc.o(i.ADC_StartCalibration)
    DebugPrintf                              0x0800201d   Thumb Code    92  debug.o(i.DebugPrintf)
    DebugUart                                0x08002081   Thumb Code   154  debug.o(i.DebugUart)
    GPIO_Init                                0x08002125   Thumb Code   278  stm32f10x_gpio.o(i.GPIO_Init)
    GPIO_PinRemapConfig                      0x0800223d   Thumb Code   138  stm32f10x_gpio.o(i.GPIO_PinRemapConfig)
    GPIO_ReadInputDataBit                    0x080022cd   Thumb Code    18  stm32f10x_gpio.o(i.GPIO_ReadInputDataBit)
    GPIO_ResetBits                           0x080022df   Thumb Code     4  stm32f10x_gpio.o(i.GPIO_ResetBits)
    GPIO_SetBits                             0x080022e3   Thumb Code     4  stm32f10x_gpio.o(i.GPIO_SetBits)
    KEY_Init                                 0x080022e9   Thumb Code    50  key.o(i.KEY_Init)
    LED_Write                                0x08002321   Thumb Code    80  numdisplay.o(i.LED_Write)
    NVIC_Init                                0x08002375   Thumb Code   100  misc.o(i.NVIC_Init)
    NumDisplayInit                           0x080023e5   Thumb Code    46  numdisplay.o(i.NumDisplayInit)
    OLED_Clear                               0x08002419   Thumb Code    42  oled.o(i.OLED_Clear)
    OLED_DrawPoint                           0x08002449   Thumb Code   100  oled.o(i.OLED_DrawPoint)
    OLED_Init                                0x080024b1   Thumb Code   368  oled.o(i.OLED_Init)
    OLED_Refresh_Gram                        0x0800263d   Thumb Code    70  oled.o(i.OLED_Refresh_Gram)
    OLED_ShowChar                            0x08002689   Thumb Code   254  oled.o(i.OLED_ShowChar)
    OLED_ShowNum                             0x08002795   Thumb Code   148  oled.o(i.OLED_ShowNum)
    OLED_ShowString                          0x08002829   Thumb Code    94  oled.o(i.OLED_ShowString)
    OLED_WR_Byte                             0x08002889   Thumb Code   122  oled.o(i.OLED_WR_Byte)
    PWM_IN_1_4_Init                          0x0800290d   Thumb Code   222  pwm_out_in.o(i.PWM_IN_1_4_Init)
    PWM_IN_5_8_Init                          0x080029f9   Thumb Code   272  pwm_out_in.o(i.PWM_IN_5_8_Init)
    PWM_OUT_1_4_Init                         0x08002b19   Thumb Code   224  pwm_out_in.o(i.PWM_OUT_1_4_Init)
    PWM_OUT_1_4_out                          0x08002c01   Thumb Code   108  pwm_out_in.o(i.PWM_OUT_1_4_out)
    PWM_OUT_5_8_Init                         0x08002c71   Thumb Code   206  pwm_out_in.o(i.PWM_OUT_5_8_Init)
    PWM_OUT_5_8_out                          0x08002d49   Thumb Code   108  pwm_out_in.o(i.PWM_OUT_5_8_out)
    RCC_ADCCLKConfig                         0x08002db9   Thumb Code    18  stm32f10x_rcc.o(i.RCC_ADCCLKConfig)
    RCC_APB1PeriphClockCmd                   0x08002dd1   Thumb Code    26  stm32f10x_rcc.o(i.RCC_APB1PeriphClockCmd)
    RCC_APB1PeriphResetCmd                   0x08002df1   Thumb Code    26  stm32f10x_rcc.o(i.RCC_APB1PeriphResetCmd)
    RCC_APB2PeriphClockCmd                   0x08002e11   Thumb Code    26  stm32f10x_rcc.o(i.RCC_APB2PeriphClockCmd)
    RCC_APB2PeriphResetCmd                   0x08002e31   Thumb Code    26  stm32f10x_rcc.o(i.RCC_APB2PeriphResetCmd)
    RCC_GetClocksFreq                        0x08002e51   Thumb Code   374  stm32f10x_rcc.o(i.RCC_GetClocksFreq)
    RGB_LED_Set                              0x080031e9   Thumb Code    88  rgb_led.o(i.RGB_LED_Set)
    RGB_LED_init                             0x08003245   Thumb Code    44  rgb_led.o(i.RGB_LED_init)
    SysTick_Handler                          0x08003395   Thumb Code    46  port.o(i.SysTick_Handler)
    SystemInit                               0x080033c9   Thumb Code    92  system_stm32f10x.o(i.SystemInit)
    TIM2_IRQHandler                          0x08003675   Thumb Code   664  pwm_out_in.o(i.TIM2_IRQHandler)
    TIM3_IRQHandler                          0x08003921   Thumb Code   668  pwm_out_in.o(i.TIM3_IRQHandler)
    TIM_ARRPreloadConfig                     0x08003bd1   Thumb Code    24  stm32f10x_tim.o(i.TIM_ARRPreloadConfig)
    TIM_ClearITPendingBit                    0x08003be9   Thumb Code     6  stm32f10x_tim.o(i.TIM_ClearITPendingBit)
    TIM_Cmd                                  0x08003bef   Thumb Code    24  stm32f10x_tim.o(i.TIM_Cmd)
    TIM_GetITStatus                          0x08003c07   Thumb Code    34  stm32f10x_tim.o(i.TIM_GetITStatus)
    TIM_ICInit                               0x08003c29   Thumb Code   150  stm32f10x_tim.o(i.TIM_ICInit)
    TIM_ITConfig                             0x08003cd5   Thumb Code    18  stm32f10x_tim.o(i.TIM_ITConfig)
    TIM_OC1Init                              0x08003ce9   Thumb Code   132  stm32f10x_tim.o(i.TIM_OC1Init)
    TIM_OC1PreloadConfig                     0x08003d81   Thumb Code    18  stm32f10x_tim.o(i.TIM_OC1PreloadConfig)
    TIM_OC2Init                              0x08003d95   Thumb Code   154  stm32f10x_tim.o(i.TIM_OC2Init)
    TIM_OC2PreloadConfig                     0x08003e39   Thumb Code    26  stm32f10x_tim.o(i.TIM_OC2PreloadConfig)
    TIM_OC3Init                              0x08003e55   Thumb Code   150  stm32f10x_tim.o(i.TIM_OC3Init)
    TIM_OC3PreloadConfig                     0x08003ef5   Thumb Code    18  stm32f10x_tim.o(i.TIM_OC3PreloadConfig)
    TIM_OC4Init                              0x08003f09   Thumb Code   114  stm32f10x_tim.o(i.TIM_OC4Init)
    TIM_OC4PreloadConfig                     0x08003f85   Thumb Code    26  stm32f10x_tim.o(i.TIM_OC4PreloadConfig)
    TIM_SetAutoreload                        0x08003f9f   Thumb Code     4  stm32f10x_tim.o(i.TIM_SetAutoreload)
    TIM_SetIC1Prescaler                      0x08003fa3   Thumb Code    18  stm32f10x_tim.o(i.TIM_SetIC1Prescaler)
    TIM_SetIC2Prescaler                      0x08003fb5   Thumb Code    26  stm32f10x_tim.o(i.TIM_SetIC2Prescaler)
    TIM_SetIC3Prescaler                      0x08003fcf   Thumb Code    18  stm32f10x_tim.o(i.TIM_SetIC3Prescaler)
    TIM_SetIC4Prescaler                      0x08003fe1   Thumb Code    26  stm32f10x_tim.o(i.TIM_SetIC4Prescaler)
    TIM_TimeBaseInit                         0x08003ffd   Thumb Code   122  stm32f10x_tim.o(i.TIM_TimeBaseInit)
    USART1_IRQHandler                        0x080040a1   Thumb Code    34  debug.o(i.USART1_IRQHandler)
    USART_ClearFlag                          0x080040c9   Thumb Code    18  stm32f10x_usart.o(i.USART_ClearFlag)
    USART_Cmd                                0x080040db   Thumb Code    24  stm32f10x_usart.o(i.USART_Cmd)
    USART_DeInit                             0x080040f5   Thumb Code   134  stm32f10x_usart.o(i.USART_DeInit)
    USART_GetFlagStatus                      0x08004191   Thumb Code    26  stm32f10x_usart.o(i.USART_GetFlagStatus)
    USART_GetITStatus                        0x080041ab   Thumb Code    84  stm32f10x_usart.o(i.USART_GetITStatus)
    USART_ITConfig                           0x080041ff   Thumb Code    74  stm32f10x_usart.o(i.USART_ITConfig)
    USART_Init                               0x08004249   Thumb Code   210  stm32f10x_usart.o(i.USART_Init)
    USART_ReceiveData                        0x08004321   Thumb Code    10  stm32f10x_usart.o(i.USART_ReceiveData)
    USART_SendData                           0x0800432b   Thumb Code     8  stm32f10x_usart.o(i.USART_SendData)
    __ARM_fpclassify                         0x08004333   Thumb Code    40  fpclassify.o(i.__ARM_fpclassify)
    _is_digit                                0x0800435b   Thumb Code    14  __printf_wp.o(i._is_digit)
    display                                  0x08004369   Thumb Code    98  numdisplay.o(i.display)
    getKeyStatus                             0x080043d1   Thumb Code   108  key.o(i.getKeyStatus)
    getPWM_IN_1_4_ICValue                    0x08004445   Thumb Code    18  pwm_out_in.o(i.getPWM_IN_1_4_ICValue)
    getPWM_IN_5_8_ICValue                    0x0800445d   Thumb Code    18  pwm_out_in.o(i.getPWM_IN_5_8_ICValue)
    getRCControlData                         0x08004475   Thumb Code    52  rccar.o(i.getRCControlData)
    getVoltage                               0x080044ad   Thumb Code    98  adc.o(i.getVoltage)
    main                                     0x08004521   Thumb Code    24  main.o(i.main)
    mypow                                    0x08004539   Thumb Code    22  oled.o(i.mypow)
    pvPortMalloc                             0x080049a5   Thumb Code   296  heap_4.o(i.pvPortMalloc)
    pxPortInitialiseStack                    0x08004ae1   Thumb Code    30  port.o(i.pxPortInitialiseStack)
    uxListRemove                             0x08004b05   Thumb Code    40  list.o(i.uxListRemove)
    vInteractionStart                        0x08004b2d   Thumb Code   450  main.o(i.vInteractionStart)
    vListInitialise                          0x08004d21   Thumb Code    26  list.o(i.vListInitialise)
    vListInitialiseItem                      0x08004d3b   Thumb Code     6  list.o(i.vListInitialiseItem)
    vListInsert                              0x08004d41   Thumb Code    52  list.o(i.vListInsert)
    vListInsertEnd                           0x08004d75   Thumb Code    24  list.o(i.vListInsertEnd)
    vPortEnterCritical                       0x08004d8d   Thumb Code    76  port.o(i.vPortEnterCritical)
    vPortExitCritical                        0x08004de1   Thumb Code    56  port.o(i.vPortExitCritical)
    vPortFree                                0x08004e1d   Thumb Code   140  heap_4.o(i.vPortFree)
    vPortSetupTimerInterrupt                 0x08004eb1   Thumb Code    20  port.o(i.vPortSetupTimerInterrupt)
    vRCStart                                 0x08004ec9   Thumb Code    40  rccar.o(i.vRCStart)
    vTaskDelay                               0x08004ef5   Thumb Code    82  tasks.o(i.vTaskDelay)
    vTaskStartScheduler                      0x08004f51   Thumb Code   108  tasks.o(i.vTaskStartScheduler)
    vTaskSuspendAll                          0x08004fd9   Thumb Code    12  tasks.o(i.vTaskSuspendAll)
    vTaskSwitchContext                       0x08004fe9   Thumb Code   118  tasks.o(i.vTaskSwitchContext)
    xPortStartScheduler                      0x08005075   Thumb Code   182  port.o(i.xPortStartScheduler)
    xTaskCreate                              0x08005141   Thumb Code    96  tasks.o(i.xTaskCreate)
    xTaskIncrementTick                       0x080051a1   Thumb Code   282  tasks.o(i.xTaskIncrementTick)
    xTaskResumeAll                           0x080052e9   Thumb Code   224  tasks.o(i.xTaskResumeAll)
    _get_lc_numeric                          0x080053ed   Thumb Code    44  lc_numeric_c.o(locale$$code)
    _get_lc_ctype                            0x08005419   Thumb Code    44  lc_ctype_c.o(locale$$code)
    __aeabi_d2f                              0x08005445   Thumb Code     0  d2f.o(x$fpl$d2f)
    _d2f                                     0x08005445   Thumb Code    98  d2f.o(x$fpl$d2f)
    __aeabi_dmul                             0x080054a9   Thumb Code     0  dmul.o(x$fpl$dmul)
    _dmul                                    0x080054a9   Thumb Code   332  dmul.o(x$fpl$dmul)
    __fpl_dnaninf                            0x080055fd   Thumb Code   156  dnaninf.o(x$fpl$dnaninf)
    __fpl_dretinf                            0x08005699   Thumb Code    12  dretinf.o(x$fpl$dretinf)
    __aeabi_f2d                              0x080056a5   Thumb Code     0  f2d.o(x$fpl$f2d)
    _f2d                                     0x080056a5   Thumb Code    86  f2d.o(x$fpl$f2d)
    __aeabi_f2uiz                            0x080056fd   Thumb Code     0  ffixu.o(x$fpl$ffixu)
    _ffixu                                   0x080056fd   Thumb Code    62  ffixu.o(x$fpl$ffixu)
    __aeabi_ui2f                             0x0800573d   Thumb Code     0  fflt_clz.o(x$fpl$ffltu)
    _ffltu                                   0x0800573d   Thumb Code    38  fflt_clz.o(x$fpl$ffltu)
    __fpl_fnaninf                            0x08005763   Thumb Code   140  fnaninf.o(x$fpl$fnaninf)
    __fpl_fretinf                            0x080057ef   Thumb Code    10  fretinf.o(x$fpl$fretinf)
    _printf_fp_dec                           0x080057f9   Thumb Code     4  printf1.o(x$fpl$printf1)
    _printf_fp_hex                           0x080057fd   Thumb Code     4  printf2.o(x$fpl$printf2)
    Num_seg                                  0x08005800   Data          10  numdisplay.o(.constdata)
    __I$use$fp                               0x08005800   Number         0  usenofp.o(x$fpl$usenofp)
    asc2_1206                                0x0800580a   Data        1140  oled.o(.constdata)
    asc2_1608                                0x08005c7e   Data        1520  oled.o(.constdata)
    asc2_2412                                0x0800626e   Data        3420  oled.o(.constdata)
    Region$$Table$$Base                      0x080070c8   Number         0  anon$$obj.o(Region$$Table)
    Region$$Table$$Limit                     0x080070e8   Number         0  anon$$obj.o(Region$$Table)
    __ctype                                  0x08007111   Data           0  lc_ctype_c.o(locale$$data)
    RCCarCortol                              0x20000014   Data           8  rccar.o(.data)
    xHandleTaskRC                            0x2000001c   Data           4  rccar.o(.data)
    pxCurrentTCB                             0x20000058   Data           4  tasks.o(.data)
    RC_Control_data                          0x200000b8   Data          16  rccar.o(.bss)
    OLED_GRAM                                0x200000c8   Data        1024  oled.o(.bss)
    __libspace_start                         0x200087ac   Data          96  libspace.o(.bss)
    __temporary_stack_top$libspace           0x2000880c   Data           0  libspace.o(.bss)



==============================================================================

Memory Map of the image

  Image Entry point : 0x08000151

  Load Region LR_IROM1 (Base: 0x08000000, Size: 0x000072cc, Max: 0x00040000, ABSOLUTE)

    Execution Region ER_IROM1 (Exec base: 0x08000000, Load base: 0x08000000, Size: 0x00007214, Max: 0x00040000, ABSOLUTE)

    Exec Addr    Load Addr    Size         Type   Attr      Idx    E Section Name        Object

    0x08000000   0x08000000   0x00000150   Data   RO         3374    RESET               startup_stm32f10x_cl.o
    0x08000150   0x08000150   0x00000008   Code   RO         4898  * !!!main             c_w.l(__main.o)
    0x08000158   0x08000158   0x00000034   Code   RO         5263    !!!scatter          c_w.l(__scatter.o)
    0x0800018c   0x0800018c   0x0000001a   Code   RO         5265    !!handler_copy      c_w.l(__scatter_copy.o)
    0x080001a6   0x080001a6   0x00000002   PAD
    0x080001a8   0x080001a8   0x0000001c   Code   RO         5267    !!handler_zi        c_w.l(__scatter_zi.o)
    0x080001c4   0x080001c4   0x00000000   Code   RO         5014    .ARM.Collect$$_printf_percent$$00000000  c_w.l(_printf_percent.o)
    0x080001c4   0x080001c4   0x00000006   Code   RO         5003    .ARM.Collect$$_printf_percent$$00000001  c_w.l(_printf_n.o)
    0x080001ca   0x080001ca   0x00000006   Code   RO         5005    .ARM.Collect$$_printf_percent$$00000002  c_w.l(_printf_p.o)
    0x080001d0   0x080001d0   0x00000006   Code   RO         5010    .ARM.Collect$$_printf_percent$$00000003  c_w.l(_printf_f.o)
    0x080001d6   0x080001d6   0x00000006   Code   RO         5011    .ARM.Collect$$_printf_percent$$00000004  c_w.l(_printf_e.o)
    0x080001dc   0x080001dc   0x00000006   Code   RO         5012    .ARM.Collect$$_printf_percent$$00000005  c_w.l(_printf_g.o)
    0x080001e2   0x080001e2   0x00000006   Code   RO         5013    .ARM.Collect$$_printf_percent$$00000006  c_w.l(_printf_a.o)
    0x080001e8   0x080001e8   0x0000000a   Code   RO         5018    .ARM.Collect$$_printf_percent$$00000007  c_w.l(_printf_ll.o)
    0x080001f2   0x080001f2   0x00000006   Code   RO         5007    .ARM.Collect$$_printf_percent$$00000008  c_w.l(_printf_i.o)
    0x080001f8   0x080001f8   0x00000006   Code   RO         5008    .ARM.Collect$$_printf_percent$$00000009  c_w.l(_printf_d.o)
    0x080001fe   0x080001fe   0x00000006   Code   RO         5009    .ARM.Collect$$_printf_percent$$0000000A  c_w.l(_printf_u.o)
    0x08000204   0x08000204   0x00000006   Code   RO         5006    .ARM.Collect$$_printf_percent$$0000000B  c_w.l(_printf_o.o)
    0x0800020a   0x0800020a   0x00000006   Code   RO         5004    .ARM.Collect$$_printf_percent$$0000000C  c_w.l(_printf_x.o)
    0x08000210   0x08000210   0x00000006   Code   RO         5015    .ARM.Collect$$_printf_percent$$0000000D  c_w.l(_printf_lli.o)
    0x08000216   0x08000216   0x00000006   Code   RO         5016    .ARM.Collect$$_printf_percent$$0000000E  c_w.l(_printf_lld.o)
    0x0800021c   0x0800021c   0x00000006   Code   RO         5017    .ARM.Collect$$_printf_percent$$0000000F  c_w.l(_printf_llu.o)
    0x08000222   0x08000222   0x00000006   Code   RO         5022    .ARM.Collect$$_printf_percent$$00000010  c_w.l(_printf_llo.o)
    0x08000228   0x08000228   0x00000006   Code   RO         5023    .ARM.Collect$$_printf_percent$$00000011  c_w.l(_printf_llx.o)
    0x0800022e   0x0800022e   0x0000000a   Code   RO         5019    .ARM.Collect$$_printf_percent$$00000012  c_w.l(_printf_l.o)
    0x08000238   0x08000238   0x00000006   Code   RO         5001    .ARM.Collect$$_printf_percent$$00000013  c_w.l(_printf_c.o)
    0x0800023e   0x0800023e   0x00000006   Code   RO         5002    .ARM.Collect$$_printf_percent$$00000014  c_w.l(_printf_s.o)
    0x08000244   0x08000244   0x00000006   Code   RO         5020    .ARM.Collect$$_printf_percent$$00000015  c_w.l(_printf_lc.o)
    0x0800024a   0x0800024a   0x00000006   Code   RO         5021    .ARM.Collect$$_printf_percent$$00000016  c_w.l(_printf_ls.o)
    0x08000250   0x08000250   0x00000004   Code   RO         5075    .ARM.Collect$$_printf_percent$$00000017  c_w.l(_printf_percent_end.o)
    0x08000254   0x08000254   0x00000002   Code   RO         5124    .ARM.Collect$$libinit$$00000000  c_w.l(libinit.o)
    0x08000256   0x08000256   0x00000000   Code   RO         5140    .ARM.Collect$$libinit$$00000002  c_w.l(libinit2.o)
    0x08000256   0x08000256   0x00000000   Code   RO         5142    .ARM.Collect$$libinit$$00000004  c_w.l(libinit2.o)
    0x08000256   0x08000256   0x00000000   Code   RO         5145    .ARM.Collect$$libinit$$0000000A  c_w.l(libinit2.o)
    0x08000256   0x08000256   0x00000000   Code   RO         5147    .ARM.Collect$$libinit$$0000000C  c_w.l(libinit2.o)
    0x08000256   0x08000256   0x00000000   Code   RO         5149    .ARM.Collect$$libinit$$0000000E  c_w.l(libinit2.o)
    0x08000256   0x08000256   0x00000006   Code   RO         5150    .ARM.Collect$$libinit$$0000000F  c_w.l(libinit2.o)
    0x0800025c   0x0800025c   0x00000000   Code   RO         5152    .ARM.Collect$$libinit$$00000011  c_w.l(libinit2.o)
    0x0800025c   0x0800025c   0x0000000c   Code   RO         5153    .ARM.Collect$$libinit$$00000012  c_w.l(libinit2.o)
    0x08000268   0x08000268   0x00000000   Code   RO         5154    .ARM.Collect$$libinit$$00000013  c_w.l(libinit2.o)
    0x08000268   0x08000268   0x00000000   Code   RO         5156    .ARM.Collect$$libinit$$00000015  c_w.l(libinit2.o)
    0x08000268   0x08000268   0x0000000a   Code   RO         5157    .ARM.Collect$$libinit$$00000016  c_w.l(libinit2.o)
    0x08000272   0x08000272   0x00000000   Code   RO         5158    .ARM.Collect$$libinit$$00000017  c_w.l(libinit2.o)
    0x08000272   0x08000272   0x00000000   Code   RO         5160    .ARM.Collect$$libinit$$00000019  c_w.l(libinit2.o)
    0x08000272   0x08000272   0x00000000   Code   RO         5162    .ARM.Collect$$libinit$$0000001B  c_w.l(libinit2.o)
    0x08000272   0x08000272   0x00000000   Code   RO         5164    .ARM.Collect$$libinit$$0000001D  c_w.l(libinit2.o)
    0x08000272   0x08000272   0x00000000   Code   RO         5166    .ARM.Collect$$libinit$$0000001F  c_w.l(libinit2.o)
    0x08000272   0x08000272   0x00000000   Code   RO         5168    .ARM.Collect$$libinit$$00000021  c_w.l(libinit2.o)
    0x08000272   0x08000272   0x00000000   Code   RO         5170    .ARM.Collect$$libinit$$00000023  c_w.l(libinit2.o)
    0x08000272   0x08000272   0x00000000   Code   RO         5172    .ARM.Collect$$libinit$$00000025  c_w.l(libinit2.o)
    0x08000272   0x08000272   0x00000000   Code   RO         5176    .ARM.Collect$$libinit$$0000002C  c_w.l(libinit2.o)
    0x08000272   0x08000272   0x00000000   Code   RO         5178    .ARM.Collect$$libinit$$0000002E  c_w.l(libinit2.o)
    0x08000272   0x08000272   0x00000000   Code   RO         5180    .ARM.Collect$$libinit$$00000030  c_w.l(libinit2.o)
    0x08000272   0x08000272   0x00000000   Code   RO         5182    .ARM.Collect$$libinit$$00000032  c_w.l(libinit2.o)
    0x08000272   0x08000272   0x00000002   Code   RO         5183    .ARM.Collect$$libinit$$00000033  c_w.l(libinit2.o)
    0x08000274   0x08000274   0x00000002   Code   RO         5203    .ARM.Collect$$libshutdown$$00000000  c_w.l(libshutdown.o)
    0x08000276   0x08000276   0x00000000   Code   RO         5216    .ARM.Collect$$libshutdown$$00000002  c_w.l(libshutdown2.o)
    0x08000276   0x08000276   0x00000000   Code   RO         5218    .ARM.Collect$$libshutdown$$00000004  c_w.l(libshutdown2.o)
    0x08000276   0x08000276   0x00000000   Code   RO         5221    .ARM.Collect$$libshutdown$$00000007  c_w.l(libshutdown2.o)
    0x08000276   0x08000276   0x00000000   Code   RO         5224    .ARM.Collect$$libshutdown$$0000000A  c_w.l(libshutdown2.o)
    0x08000276   0x08000276   0x00000000   Code   RO         5226    .ARM.Collect$$libshutdown$$0000000C  c_w.l(libshutdown2.o)
    0x08000276   0x08000276   0x00000000   Code   RO         5229    .ARM.Collect$$libshutdown$$0000000F  c_w.l(libshutdown2.o)
    0x08000276   0x08000276   0x00000002   Code   RO         5230    .ARM.Collect$$libshutdown$$00000010  c_w.l(libshutdown2.o)
    0x08000278   0x08000278   0x00000000   Code   RO         4930    .ARM.Collect$$rtentry$$00000000  c_w.l(__rtentry.o)
    0x08000278   0x08000278   0x00000000   Code   RO         5046    .ARM.Collect$$rtentry$$00000002  c_w.l(__rtentry2.o)
    0x08000278   0x08000278   0x00000006   Code   RO         5058    .ARM.Collect$$rtentry$$00000004  c_w.l(__rtentry4.o)
    0x0800027e   0x0800027e   0x00000000   Code   RO         5048    .ARM.Collect$$rtentry$$00000009  c_w.l(__rtentry2.o)
    0x0800027e   0x0800027e   0x00000004   Code   RO         5049    .ARM.Collect$$rtentry$$0000000A  c_w.l(__rtentry2.o)
    0x08000282   0x08000282   0x00000000   Code   RO         5051    .ARM.Collect$$rtentry$$0000000C  c_w.l(__rtentry2.o)
    0x08000282   0x08000282   0x00000008   Code   RO         5052    .ARM.Collect$$rtentry$$0000000D  c_w.l(__rtentry2.o)
    0x0800028a   0x0800028a   0x00000002   Code   RO         5132    .ARM.Collect$$rtexit$$00000000  c_w.l(rtexit.o)
    0x0800028c   0x0800028c   0x00000000   Code   RO         5185    .ARM.Collect$$rtexit$$00000002  c_w.l(rtexit2.o)
    0x0800028c   0x0800028c   0x00000004   Code   RO         5186    .ARM.Collect$$rtexit$$00000003  c_w.l(rtexit2.o)
    0x08000290   0x08000290   0x00000006   Code   RO         5187    .ARM.Collect$$rtexit$$00000004  c_w.l(rtexit2.o)
    0x08000296   0x08000296   0x00000002   PAD
    0x08000298   0x08000298   0x00000096   Code   RO         4746    .emb_text           port.o
    0x0800032e   0x0800032e   0x00000002   PAD
    0x08000330   0x08000330   0x00000040   Code   RO         3375    .text               startup_stm32f10x_cl.o
    0x08000370   0x08000370   0x00000034   Code   RO         4886    .text               c_w.l(vsnprintf.o)
    0x080003a4   0x080003a4   0x00000010   Code   RO         4892    .text               c_w.l(aeabi_memset.o)
    0x080003b4   0x080003b4   0x0000004e   Code   RO         4894    .text               c_w.l(rt_memclr_w.o)
    0x08000402   0x08000402   0x00000006   Code   RO         4896    .text               c_w.l(heapauxi.o)
    0x08000408   0x08000408   0x0000004e   Code   RO         4933    .text               c_w.l(_printf_pad.o)
    0x08000456   0x08000456   0x00000024   Code   RO         4935    .text               c_w.l(_printf_truncate.o)
    0x0800047a   0x0800047a   0x00000052   Code   RO         4937    .text               c_w.l(_printf_str.o)
    0x080004cc   0x080004cc   0x00000078   Code   RO         4939    .text               c_w.l(_printf_dec.o)
    0x08000544   0x08000544   0x00000028   Code   RO         4941    .text               c_w.l(_printf_charcount.o)
    0x0800056c   0x0800056c   0x00000030   Code   RO         4943    .text               c_w.l(_printf_char_common.o)
    0x0800059c   0x0800059c   0x0000000a   Code   RO         4945    .text               c_w.l(_sputc.o)
    0x080005a6   0x080005a6   0x00000010   Code   RO         4947    .text               c_w.l(_snputc.o)
    0x080005b6   0x080005b6   0x00000002   PAD
    0x080005b8   0x080005b8   0x000000bc   Code   RO         4949    .text               c_w.l(_printf_wctomb.o)
    0x08000674   0x08000674   0x0000007c   Code   RO         4952    .text               c_w.l(_printf_longlong_dec.o)
    0x080006f0   0x080006f0   0x00000070   Code   RO         4958    .text               c_w.l(_printf_oct_int_ll.o)
    0x08000760   0x08000760   0x00000094   Code   RO         4978    .text               c_w.l(_printf_hex_int_ll_ptr.o)
    0x080007f4   0x080007f4   0x00000188   Code   RO         4998    .text               c_w.l(__printf_flags_ss_wp.o)
    0x0800097c   0x0800097c   0x00000044   Code   RO         5026    .text               c_w.l(rt_memclr.o)
    0x080009c0   0x080009c0   0x0000008a   Code   RO         5060    .text               c_w.l(lludiv10.o)
    0x08000a4a   0x08000a4a   0x000000b2   Code   RO         5062    .text               c_w.l(_printf_intcommon.o)
    0x08000afc   0x08000afc   0x0000041e   Code   RO         5064    .text               c_w.l(_printf_fp_dec.o)
    0x08000f1a   0x08000f1a   0x00000002   PAD
    0x08000f1c   0x08000f1c   0x000002fc   Code   RO         5066    .text               c_w.l(_printf_fp_hex.o)
    0x08001218   0x08001218   0x0000002c   Code   RO         5071    .text               c_w.l(_printf_char.o)
    0x08001244   0x08001244   0x0000002c   Code   RO         5073    .text               c_w.l(_printf_wchar.o)
    0x08001270   0x08001270   0x00000040   Code   RO         5076    .text               c_w.l(_wcrtomb.o)
    0x080012b0   0x080012b0   0x0000004a   Code   RO         5078    .text               c_w.l(sys_stackheap_outer.o)
    0x080012fa   0x080012fa   0x00000002   PAD
    0x080012fc   0x080012fc   0x00000010   Code   RO         5080    .text               c_w.l(rt_ctype_table.o)
    0x0800130c   0x0800130c   0x00000008   Code   RO         5085    .text               c_w.l(rt_locale_intlibspace.o)
    0x08001314   0x08001314   0x00000080   Code   RO         5087    .text               c_w.l(_printf_fp_infnan.o)
    0x08001394   0x08001394   0x000000e4   Code   RO         5089    .text               c_w.l(bigflt0.o)
    0x08001478   0x08001478   0x00000012   Code   RO         5117    .text               c_w.l(exit.o)
    0x0800148a   0x0800148a   0x00000002   PAD
    0x0800148c   0x0800148c   0x00000008   Code   RO         5129    .text               c_w.l(libspace.o)
    0x08001494   0x08001494   0x00000080   Code   RO         5137    .text               c_w.l(strcmpv7m.o)
    0x08001514   0x08001514   0x0000000c   Code   RO         5195    .text               c_w.l(sys_exit.o)
    0x08001520   0x08001520   0x00000002   Code   RO         5206    .text               c_w.l(use_no_semi.o)
    0x08001522   0x08001522   0x00000000   Code   RO         5208    .text               c_w.l(indicate_semi.o)
    0x08001522   0x08001522   0x0000003e   Code   RO         5092    CL$$btod_d2e        c_w.l(btod.o)
    0x08001560   0x08001560   0x00000046   Code   RO         5094    CL$$btod_d2e_denorm_low  c_w.l(btod.o)
    0x080015a6   0x080015a6   0x00000060   Code   RO         5093    CL$$btod_d2e_norm_op1  c_w.l(btod.o)
    0x08001606   0x08001606   0x00000338   Code   RO         5102    CL$$btod_div_common  c_w.l(btod.o)
    0x0800193e   0x0800193e   0x000000dc   Code   RO         5099    CL$$btod_e2e        c_w.l(btod.o)
    0x08001a1a   0x08001a1a   0x0000002a   Code   RO         5096    CL$$btod_ediv       c_w.l(btod.o)
    0x08001a44   0x08001a44   0x0000002a   Code   RO         5095    CL$$btod_emul       c_w.l(btod.o)
    0x08001a6e   0x08001a6e   0x00000244   Code   RO         5101    CL$$btod_mult_common  c_w.l(btod.o)
    0x08001cb2   0x08001cb2   0x00000002   PAD
    0x08001cb4   0x08001cb4   0x000000a4   Code   RO         3880    i.ADC1_Init         adc.o
    0x08001d58   0x08001d58   0x00000016   Code   RO          148    i.ADC_Cmd           stm32f10x_adc.o
    0x08001d6e   0x08001d6e   0x00000002   PAD
    0x08001d70   0x08001d70   0x0000005c   Code   RO          150    i.ADC_DeInit        stm32f10x_adc.o
    0x08001dcc   0x08001dcc   0x00000014   Code   RO          156    i.ADC_GetCalibrationStatus  stm32f10x_adc.o
    0x08001de0   0x08001de0   0x00000008   Code   RO          157    i.ADC_GetConversionValue  stm32f10x_adc.o
    0x08001de8   0x08001de8   0x00000012   Code   RO          159    i.ADC_GetFlagStatus  stm32f10x_adc.o
    0x08001dfa   0x08001dfa   0x00000014   Code   RO          162    i.ADC_GetResetCalibrationStatus  stm32f10x_adc.o
    0x08001e0e   0x08001e0e   0x00000002   PAD
    0x08001e10   0x08001e10   0x00000050   Code   RO          166    i.ADC_Init          stm32f10x_adc.o
    0x08001e60   0x08001e60   0x000000b8   Code   RO          170    i.ADC_RegularChannelConfig  stm32f10x_adc.o
    0x08001f18   0x08001f18   0x0000000a   Code   RO          171    i.ADC_ResetCalibration  stm32f10x_adc.o
    0x08001f22   0x08001f22   0x00000016   Code   RO          173    i.ADC_SoftwareStartConvCmd  stm32f10x_adc.o
    0x08001f38   0x08001f38   0x0000000a   Code   RO          175    i.ADC_StartCalibration  stm32f10x_adc.o
    0x08001f42   0x08001f42   0x00000002   PAD
    0x08001f44   0x08001f44   0x0000004c   Code   RO         3736    i.AIP_send_8bit     numdisplay.o
    0x08001f90   0x08001f90   0x00000028   Code   RO         3737    i.AIPcommand        numdisplay.o
    0x08001fb8   0x08001fb8   0x00000064   Code   RO         3381    i.AppTaskCreate     main.o
    0x0800201c   0x0800201c   0x00000064   Code   RO         3574    i.DebugPrintf       debug.o
    0x08002080   0x08002080   0x000000a4   Code   RO         3575    i.DebugUart         debug.o
    0x08002124   0x08002124   0x00000116   Code   RO         1345    i.GPIO_Init         stm32f10x_gpio.o
    0x0800223a   0x0800223a   0x00000002   PAD
    0x0800223c   0x0800223c   0x00000090   Code   RO         1347    i.GPIO_PinRemapConfig  stm32f10x_gpio.o
    0x080022cc   0x080022cc   0x00000012   Code   RO         1349    i.GPIO_ReadInputDataBit  stm32f10x_gpio.o
    0x080022de   0x080022de   0x00000004   Code   RO         1352    i.GPIO_ResetBits    stm32f10x_gpio.o
    0x080022e2   0x080022e2   0x00000004   Code   RO         1353    i.GPIO_SetBits      stm32f10x_gpio.o
    0x080022e6   0x080022e6   0x00000002   PAD
    0x080022e8   0x080022e8   0x00000038   Code   RO         3708    i.KEY_Init          key.o
    0x08002320   0x08002320   0x00000054   Code   RO         3738    i.LED_Write         numdisplay.o
    0x08002374   0x08002374   0x00000070   Code   RO            3    i.NVIC_Init         misc.o
    0x080023e4   0x080023e4   0x00000034   Code   RO         3740    i.NumDisplayInit    numdisplay.o
    0x08002418   0x08002418   0x00000030   Code   RO         3787    i.OLED_Clear        oled.o
    0x08002448   0x08002448   0x00000068   Code   RO         3790    i.OLED_DrawPoint    oled.o
    0x080024b0   0x080024b0   0x0000018c   Code   RO         3792    i.OLED_Init         oled.o
    0x0800263c   0x0800263c   0x0000004c   Code   RO         3793    i.OLED_Refresh_Gram  oled.o
    0x08002688   0x08002688   0x0000010c   Code   RO         3794    i.OLED_ShowChar     oled.o
    0x08002794   0x08002794   0x00000094   Code   RO         3795    i.OLED_ShowNum      oled.o
    0x08002828   0x08002828   0x0000005e   Code   RO         3796    i.OLED_ShowString   oled.o
    0x08002886   0x08002886   0x00000002   PAD
    0x08002888   0x08002888   0x00000084   Code   RO         3797    i.OLED_WR_Byte      oled.o
    0x0800290c   0x0800290c   0x000000ec   Code   RO         3626    i.PWM_IN_1_4_Init   pwm_out_in.o
    0x080029f8   0x080029f8   0x00000120   Code   RO         3627    i.PWM_IN_5_8_Init   pwm_out_in.o
    0x08002b18   0x08002b18   0x000000e8   Code   RO         3628    i.PWM_OUT_1_4_Init  pwm_out_in.o
    0x08002c00   0x08002c00   0x00000070   Code   RO         3629    i.PWM_OUT_1_4_out   pwm_out_in.o
    0x08002c70   0x08002c70   0x000000d8   Code   RO         3630    i.PWM_OUT_5_8_Init  pwm_out_in.o
    0x08002d48   0x08002d48   0x00000070   Code   RO         3631    i.PWM_OUT_5_8_out   pwm_out_in.o
    0x08002db8   0x08002db8   0x00000018   Code   RO         1791    i.RCC_ADCCLKConfig  stm32f10x_rcc.o
    0x08002dd0   0x08002dd0   0x00000020   Code   RO         1794    i.RCC_APB1PeriphClockCmd  stm32f10x_rcc.o
    0x08002df0   0x08002df0   0x00000020   Code   RO         1795    i.RCC_APB1PeriphResetCmd  stm32f10x_rcc.o
    0x08002e10   0x08002e10   0x00000020   Code   RO         1796    i.RCC_APB2PeriphClockCmd  stm32f10x_rcc.o
    0x08002e30   0x08002e30   0x00000020   Code   RO         1797    i.RCC_APB2PeriphResetCmd  stm32f10x_rcc.o
    0x08002e50   0x08002e50   0x00000190   Code   RO         1804    i.RCC_GetClocksFreq  stm32f10x_rcc.o
    0x08002fe0   0x08002fe0   0x000000a0   Code   RO         3481    i.RCCar_Contorl     rccar.o
    0x08003080   0x08003080   0x00000110   Code   RO         3482    i.RC_Control_data_Deal  rccar.o
    0x08003190   0x08003190   0x00000058   Code   RO         3483    i.RC_Control_data_get  rccar.o
    0x080031e8   0x080031e8   0x0000005c   Code   RO         3537    i.RGB_LED_Set       rgb_led.o
    0x08003244   0x08003244   0x00000030   Code   RO         3539    i.RGB_LED_init      rgb_led.o
    0x08003274   0x08003274   0x00000008   Code   RO         3303    i.SetSysClock       system_stm32f10x.o
    0x0800327c   0x0800327c   0x00000118   Code   RO         3304    i.SetSysClockTo72   system_stm32f10x.o
    0x08003394   0x08003394   0x00000034   Code   RO         4747    i.SysTick_Handler   port.o
    0x080033c8   0x080033c8   0x0000006c   Code   RO         3306    i.SystemInit        system_stm32f10x.o
    0x08003434   0x08003434   0x00000080   Code   RO         2497    i.TI1_Config        stm32f10x_tim.o
    0x080034b4   0x080034b4   0x00000098   Code   RO         2498    i.TI2_Config        stm32f10x_tim.o
    0x0800354c   0x0800354c   0x00000090   Code   RO         2499    i.TI3_Config        stm32f10x_tim.o
    0x080035dc   0x080035dc   0x00000098   Code   RO         2500    i.TI4_Config        stm32f10x_tim.o
    0x08003674   0x08003674   0x000002ac   Code   RO         3632    i.TIM2_IRQHandler   pwm_out_in.o
    0x08003920   0x08003920   0x000002b0   Code   RO         3633    i.TIM3_IRQHandler   pwm_out_in.o
    0x08003bd0   0x08003bd0   0x00000018   Code   RO         2501    i.TIM_ARRPreloadConfig  stm32f10x_tim.o
    0x08003be8   0x08003be8   0x00000006   Code   RO         2508    i.TIM_ClearITPendingBit  stm32f10x_tim.o
    0x08003bee   0x08003bee   0x00000018   Code   RO         2513    i.TIM_Cmd           stm32f10x_tim.o
    0x08003c06   0x08003c06   0x00000022   Code   RO         2534    i.TIM_GetITStatus   stm32f10x_tim.o
    0x08003c28   0x08003c28   0x000000ac   Code   RO         2536    i.TIM_ICInit        stm32f10x_tim.o
    0x08003cd4   0x08003cd4   0x00000012   Code   RO         2538    i.TIM_ITConfig      stm32f10x_tim.o
    0x08003ce6   0x08003ce6   0x00000002   PAD
    0x08003ce8   0x08003ce8   0x00000098   Code   RO         2542    i.TIM_OC1Init       stm32f10x_tim.o
    0x08003d80   0x08003d80   0x00000012   Code   RO         2545    i.TIM_OC1PreloadConfig  stm32f10x_tim.o
    0x08003d92   0x08003d92   0x00000002   PAD
    0x08003d94   0x08003d94   0x000000a4   Code   RO         2547    i.TIM_OC2Init       stm32f10x_tim.o
    0x08003e38   0x08003e38   0x0000001a   Code   RO         2550    i.TIM_OC2PreloadConfig  stm32f10x_tim.o
    0x08003e52   0x08003e52   0x00000002   PAD
    0x08003e54   0x08003e54   0x000000a0   Code   RO         2552    i.TIM_OC3Init       stm32f10x_tim.o
    0x08003ef4   0x08003ef4   0x00000012   Code   RO         2555    i.TIM_OC3PreloadConfig  stm32f10x_tim.o
    0x08003f06   0x08003f06   0x00000002   PAD
    0x08003f08   0x08003f08   0x0000007c   Code   RO         2557    i.TIM_OC4Init       stm32f10x_tim.o
    0x08003f84   0x08003f84   0x0000001a   Code   RO         2559    i.TIM_OC4PreloadConfig  stm32f10x_tim.o
    0x08003f9e   0x08003f9e   0x00000004   Code   RO         2572    i.TIM_SetAutoreload  stm32f10x_tim.o
    0x08003fa2   0x08003fa2   0x00000012   Code   RO         2579    i.TIM_SetIC1Prescaler  stm32f10x_tim.o
    0x08003fb4   0x08003fb4   0x0000001a   Code   RO         2580    i.TIM_SetIC2Prescaler  stm32f10x_tim.o
    0x08003fce   0x08003fce   0x00000012   Code   RO         2581    i.TIM_SetIC3Prescaler  stm32f10x_tim.o
    0x08003fe0   0x08003fe0   0x0000001a   Code   RO         2582    i.TIM_SetIC4Prescaler  stm32f10x_tim.o
    0x08003ffa   0x08003ffa   0x00000002   PAD
    0x08003ffc   0x08003ffc   0x000000a4   Code   RO         2584    i.TIM_TimeBaseInit  stm32f10x_tim.o
    0x080040a0   0x080040a0   0x00000028   Code   RO         3577    i.USART1_IRQHandler  debug.o
    0x080040c8   0x080040c8   0x00000012   Code   RO         3053    i.USART_ClearFlag   stm32f10x_usart.o
    0x080040da   0x080040da   0x00000018   Code   RO         3057    i.USART_Cmd         stm32f10x_usart.o
    0x080040f2   0x080040f2   0x00000002   PAD
    0x080040f4   0x080040f4   0x0000009c   Code   RO         3059    i.USART_DeInit      stm32f10x_usart.o
    0x08004190   0x08004190   0x0000001a   Code   RO         3060    i.USART_GetFlagStatus  stm32f10x_usart.o
    0x080041aa   0x080041aa   0x00000054   Code   RO         3061    i.USART_GetITStatus  stm32f10x_usart.o
    0x080041fe   0x080041fe   0x0000004a   Code   RO         3063    i.USART_ITConfig    stm32f10x_usart.o
    0x08004248   0x08004248   0x000000d8   Code   RO         3064    i.USART_Init        stm32f10x_usart.o
    0x08004320   0x08004320   0x0000000a   Code   RO         3071    i.USART_ReceiveData  stm32f10x_usart.o
    0x0800432a   0x0800432a   0x00000008   Code   RO         3074    i.USART_SendData    stm32f10x_usart.o
    0x08004332   0x08004332   0x00000028   Code   RO         5127    i.__ARM_fpclassify  m_ws.l(fpclassify.o)
    0x0800435a   0x0800435a   0x0000000e   Code   RO         4991    i._is_digit         c_w.l(__printf_wp.o)
    0x08004368   0x08004368   0x00000068   Code   RO         3741    i.display           numdisplay.o
    0x080043d0   0x080043d0   0x00000074   Code   RO         3709    i.getKeyStatus      key.o
    0x08004444   0x08004444   0x00000018   Code   RO         3634    i.getPWM_IN_1_4_ICValue  pwm_out_in.o
    0x0800445c   0x0800445c   0x00000018   Code   RO         3635    i.getPWM_IN_5_8_ICValue  pwm_out_in.o
    0x08004474   0x08004474   0x00000038   Code   RO         3484    i.getRCControlData  rccar.o
    0x080044ac   0x080044ac   0x00000074   Code   RO         3881    i.getVoltage        adc.o
    0x08004520   0x08004520   0x00000018   Code   RO         3382    i.main              main.o
    0x08004538   0x08004538   0x00000016   Code   RO         3798    i.mypow             oled.o
    0x0800454e   0x0800454e   0x00000002   PAD
    0x08004550   0x08004550   0x00000098   Code   RO         4401    i.prvAddCurrentTaskToDelayedList  tasks.o
    0x080045e8   0x080045e8   0x000000b8   Code   RO         4402    i.prvAddNewTaskToReadyList  tasks.o
    0x080046a0   0x080046a0   0x00000048   Code   RO         4403    i.prvCheckTasksWaitingTermination  tasks.o
    0x080046e8   0x080046e8   0x00000012   Code   RO         4404    i.prvDeleteTCB      tasks.o
    0x080046fa   0x080046fa   0x00000002   PAD
    0x080046fc   0x080046fc   0x0000007c   Code   RO         4823    i.prvHeapInit       heap_4.o
    0x08004778   0x08004778   0x00000028   Code   RO         4405    i.prvIdleTask       tasks.o
    0x080047a0   0x080047a0   0x000000be   Code   RO         4406    i.prvInitialiseNewTask  tasks.o
    0x0800485e   0x0800485e   0x00000002   PAD
    0x08004860   0x08004860   0x00000068   Code   RO         4407    i.prvInitialiseTaskLists  tasks.o
    0x080048c8   0x080048c8   0x00000068   Code   RO         4824    i.prvInsertBlockIntoFreeList  heap_4.o
    0x08004930   0x08004930   0x00000034   Code   RO         4409    i.prvResetNextTaskUnblockTime  tasks.o
    0x08004964   0x08004964   0x00000040   Code   RO         4748    i.prvTaskExitError  port.o
    0x080049a4   0x080049a4   0x0000013c   Code   RO         4825    i.pvPortMalloc      heap_4.o
    0x08004ae0   0x08004ae0   0x00000024   Code   RO         4749    i.pxPortInitialiseStack  port.o
    0x08004b04   0x08004b04   0x00000028   Code   RO         4011    i.uxListRemove      list.o
    0x08004b2c   0x08004b2c   0x000001f4   Code   RO         3383    i.vInteractionStart  main.o
    0x08004d20   0x08004d20   0x0000001a   Code   RO         4012    i.vListInitialise   list.o
    0x08004d3a   0x08004d3a   0x00000006   Code   RO         4013    i.vListInitialiseItem  list.o
    0x08004d40   0x08004d40   0x00000034   Code   RO         4014    i.vListInsert       list.o
    0x08004d74   0x08004d74   0x00000018   Code   RO         4015    i.vListInsertEnd    list.o
    0x08004d8c   0x08004d8c   0x00000054   Code   RO         4751    i.vPortEnterCritical  port.o
    0x08004de0   0x08004de0   0x0000003c   Code   RO         4752    i.vPortExitCritical  port.o
    0x08004e1c   0x08004e1c   0x00000094   Code   RO         4826    i.vPortFree         heap_4.o
    0x08004eb0   0x08004eb0   0x00000018   Code   RO         4753    i.vPortSetupTimerInterrupt  port.o
    0x08004ec8   0x08004ec8   0x0000002c   Code   RO         3485    i.vRCStart          rccar.o
    0x08004ef4   0x08004ef4   0x0000005c   Code   RO         4420    i.vTaskDelay        tasks.o
    0x08004f50   0x08004f50   0x00000088   Code   RO         4436    i.vTaskStartScheduler  tasks.o
    0x08004fd8   0x08004fd8   0x00000010   Code   RO         4438    i.vTaskSuspendAll   tasks.o
    0x08004fe8   0x08004fe8   0x0000008c   Code   RO         4439    i.vTaskSwitchContext  tasks.o
    0x08005074   0x08005074   0x000000cc   Code   RO         4755    i.xPortStartScheduler  port.o
    0x08005140   0x08005140   0x00000060   Code   RO         4441    i.xTaskCreate       tasks.o
    0x080051a0   0x080051a0   0x00000148   Code   RO         4447    i.xTaskIncrementTick  tasks.o
    0x080052e8   0x080052e8   0x00000104   Code   RO         4453    i.xTaskResumeAll    tasks.o
    0x080053ec   0x080053ec   0x0000002c   Code   RO         5115    locale$$code        c_w.l(lc_numeric_c.o)
    0x08005418   0x08005418   0x0000002c   Code   RO         5135    locale$$code        c_w.l(lc_ctype_c.o)
    0x08005444   0x08005444   0x00000062   Code   RO         4900    x$fpl$d2f           fz_ws.l(d2f.o)
    0x080054a6   0x080054a6   0x00000002   PAD
    0x080054a8   0x080054a8   0x00000154   Code   RO         4916    x$fpl$dmul          fz_ws.l(dmul.o)
    0x080055fc   0x080055fc   0x0000009c   Code   RO         5028    x$fpl$dnaninf       fz_ws.l(dnaninf.o)
    0x08005698   0x08005698   0x0000000c   Code   RO         5030    x$fpl$dretinf       fz_ws.l(dretinf.o)
    0x080056a4   0x080056a4   0x00000056   Code   RO         4918    x$fpl$f2d           fz_ws.l(f2d.o)
    0x080056fa   0x080056fa   0x00000002   PAD
    0x080056fc   0x080056fc   0x0000003e   Code   RO         4920    x$fpl$ffixu         fz_ws.l(ffixu.o)
    0x0800573a   0x0800573a   0x00000002   PAD
    0x0800573c   0x0800573c   0x00000026   Code   RO         4924    x$fpl$ffltu         fz_ws.l(fflt_clz.o)
    0x08005762   0x08005762   0x0000008c   Code   RO         5032    x$fpl$fnaninf       fz_ws.l(fnaninf.o)
    0x080057ee   0x080057ee   0x0000000a   Code   RO         5034    x$fpl$fretinf       fz_ws.l(fretinf.o)
    0x080057f8   0x080057f8   0x00000004   Code   RO         5036    x$fpl$printf1       fz_ws.l(printf1.o)
    0x080057fc   0x080057fc   0x00000004   Code   RO         5038    x$fpl$printf2       fz_ws.l(printf2.o)
    0x08005800   0x08005800   0x00000000   Code   RO         5044    x$fpl$usenofp       fz_ws.l(usenofp.o)
    0x08005800   0x08005800   0x0000000a   Data   RO         3742    .constdata          numdisplay.o
    0x0800580a   0x0800580a   0x000017c0   Data   RO         3800    .constdata          oled.o
    0x08006fca   0x08006fca   0x00000002   PAD
    0x08006fcc   0x08006fcc   0x00000008   Data   RO         4950    .constdata          c_w.l(_printf_wctomb.o)
    0x08006fd4   0x08006fd4   0x00000028   Data   RO         4979    .constdata          c_w.l(_printf_hex_int_ll_ptr.o)
    0x08006ffc   0x08006ffc   0x00000011   Data   RO         4999    .constdata          c_w.l(__printf_flags_ss_wp.o)
    0x0800700d   0x0800700d   0x00000026   Data   RO         5067    .constdata          c_w.l(_printf_fp_hex.o)
    0x08007033   0x08007033   0x00000001   PAD
    0x08007034   0x08007034   0x00000094   Data   RO         5090    .constdata          c_w.l(bigflt0.o)
    0x080070c8   0x080070c8   0x00000020   Data   RO         5261    Region$$Table       anon$$obj.o
    0x080070e8   0x080070e8   0x0000001c   Data   RO         5114    locale$$data        c_w.l(lc_numeric_c.o)
    0x08007104   0x08007104   0x00000110   Data   RO         5134    locale$$data        c_w.l(lc_ctype_c.o)


    Execution Region RW_IRAM1 (Exec base: 0x20000000, Load base: 0x08007214, Size: 0x00008e10, Max: 0x00010000, ABSOLUTE)

    Exec Addr    Load Addr    Size         Type   Attr      Idx    E Section Name        Object

    0x20000000   0x08007214   0x00000014   Data   RW         1832    .data               stm32f10x_rcc.o
    0x20000014   0x08007228   0x0000000c   Data   RW         3487    .data               rccar.o
    0x20000020   0x08007234   0x00000001   Data   RW         3579    .data               debug.o
    0x20000021   0x08007235   0x00000001   PAD
    0x20000022   0x08007236   0x00000033   Data   RW         3636    .data               pwm_out_in.o
    0x20000055   0x08007269   0x00000001   Data   RW         3710    .data               key.o
    0x20000056   0x0800726a   0x00000002   PAD
    0x20000058   0x0800726c   0x0000003c   Data   RW         4456    .data               tasks.o
    0x20000094   0x080072a8   0x0000000c   Data   RW         4756    .data               port.o
    0x200000a0   0x080072b4   0x00000018   Data   RW         4831    .data               heap_4.o
    0x200000b8        -       0x00000010   Zero   RW         3486    .bss                rccar.o
    0x200000c8        -       0x00000400   Zero   RW         3799    .bss                oled.o
    0x200004c8        -       0x000002e4   Zero   RW         4455    .bss                tasks.o
    0x200007ac        -       0x00008000   Zero   RW         4830    .bss                heap_4.o
    0x200087ac        -       0x00000060   Zero   RW         5130    .bss                c_w.l(libspace.o)
    0x2000880c   0x080072cc   0x00000004   PAD
    0x20008810        -       0x00000200   Zero   RW         3373    HEAP                startup_stm32f10x_cl.o
    0x20008a10        -       0x00000400   Zero   RW         3372    STACK               startup_stm32f10x_cl.o


==============================================================================

Image component sizes


      Code (inc. data)   RO Data    RW Data    ZI Data      Debug   Object Name

       280         26          0          0          0       1157   adc.o
       304         24          0          1          0       2406   debug.o
         0          0          0          0          0       5132   event_groups.o
       692         62          0         24      32768       6779   heap_4.o
       172         14          0          1          0       1006   key.o
       148          0          0          0          0       2994   list.o
       624         94          0          0          0      13159   main.o
       112         12          0          0          0     284784   misc.o
       356         26         10          0          0       3333   numdisplay.o
      1288         68       6080          0       1024       7068   oled.o
       674         66          0         12          0       9884   port.o
      2616        108          0         51          0       8174   pwm_out_in.o
       620         26          0         12         16       3458   rccar.o
       140          8          0          0          0       1009   rgb_led.o
        64         26        336          0       1536        916   startup_stm32f10x_cl.o
       486         24          0          0          0       9206   stm32f10x_adc.o
       448          6          0          0          0       4822   stm32f10x_gpio.o
       552         56          0         20          0       7295   stm32f10x_rcc.o
      1798        200          0          0          0      17054   stm32f10x_tim.o
       616         28          0          0          0       7854   stm32f10x_usart.o
       396         32          0          0          0       2325   system_stm32f10x.o
      1880        266          0         60        740      17009   tasks.o

    ----------------------------------------------------------------------
     14298       1172       6460        184      36084     416824   Object Totals
         0          0         32          0          0          0   (incl. Generated)
        32          0          2          3          0          0   (incl. Padding)

    ----------------------------------------------------------------------

      Code (inc. data)   RO Data    RW Data    ZI Data      Debug   Library Member Name

         8          0          0          0          0         68   __main.o
       392          4         17          0          0         92   __printf_flags_ss_wp.o
        14          0          0          0          0         68   __printf_wp.o
         0          0          0          0          0          0   __rtentry.o
        12          0          0          0          0          0   __rtentry2.o
         6          0          0          0          0          0   __rtentry4.o
        52          8          0          0          0          0   __scatter.o
        26          0          0          0          0          0   __scatter_copy.o
        28          0          0          0          0          0   __scatter_zi.o
         6          0          0          0          0          0   _printf_a.o
         6          0          0          0          0          0   _printf_c.o
        44          0          0          0          0        108   _printf_char.o
        48          6          0          0          0         96   _printf_char_common.o
        40          0          0          0          0         68   _printf_charcount.o
         6          0          0          0          0          0   _printf_d.o
       120         16          0          0          0         92   _printf_dec.o
         6          0          0          0          0          0   _printf_e.o
         6          0          0          0          0          0   _printf_f.o
      1054          0          0          0          0        216   _printf_fp_dec.o
       764          8         38          0          0        100   _printf_fp_hex.o
       128         16          0          0          0         84   _printf_fp_infnan.o
         6          0          0          0          0          0   _printf_g.o
       148          4         40          0          0        160   _printf_hex_int_ll_ptr.o
         6          0          0          0          0          0   _printf_i.o
       178          0          0          0          0         88   _printf_intcommon.o
        10          0          0          0          0          0   _printf_l.o
         6          0          0          0          0          0   _printf_lc.o
        10          0          0          0          0          0   _printf_ll.o
         6          0          0          0          0          0   _printf_lld.o
         6          0          0          0          0          0   _printf_lli.o
         6          0          0          0          0          0   _printf_llo.o
         6          0          0          0          0          0   _printf_llu.o
         6          0          0          0          0          0   _printf_llx.o
       124         16          0          0          0         92   _printf_longlong_dec.o
         6          0          0          0          0          0   _printf_ls.o
         6          0          0          0          0          0   _printf_n.o
         6          0          0          0          0          0   _printf_o.o
       112         10          0          0          0        124   _printf_oct_int_ll.o
         6          0          0          0          0          0   _printf_p.o
        78          0          0          0          0        108   _printf_pad.o
         0          0          0          0          0          0   _printf_percent.o
         4          0          0          0          0          0   _printf_percent_end.o
         6          0          0          0          0          0   _printf_s.o
        82          0          0          0          0         80   _printf_str.o
        36          0          0          0          0         84   _printf_truncate.o
         6          0          0          0          0          0   _printf_u.o
        44          0          0          0          0        108   _printf_wchar.o
       188          6          8          0          0         92   _printf_wctomb.o
         6          0          0          0          0          0   _printf_x.o
        16          0          0          0          0         68   _snputc.o
        10          0          0          0          0         68   _sputc.o
        64          0          0          0          0         92   _wcrtomb.o
        16          0          0          0          0         68   aeabi_memset.o
       228          4        148          0          0         96   bigflt0.o
      1936        128          0          0          0        672   btod.o
        18          0          0          0          0         80   exit.o
         6          0          0          0          0        152   heapauxi.o
         0          0          0          0          0          0   indicate_semi.o
        44         10        272          0          0         76   lc_ctype_c.o
        44         10         28          0          0         76   lc_numeric_c.o
         2          0          0          0          0          0   libinit.o
        30          0          0          0          0          0   libinit2.o
         2          0          0          0          0          0   libshutdown.o
         2          0          0          0          0          0   libshutdown2.o
         8          4          0          0         96         68   libspace.o
       138          0          0          0          0         80   lludiv10.o
        16          4          0          0          0         76   rt_ctype_table.o
         8          4          0          0          0         68   rt_locale_intlibspace.o
        68          0          0          0          0         68   rt_memclr.o
        78          0          0          0          0         80   rt_memclr_w.o
         2          0          0          0          0          0   rtexit.o
        10          0          0          0          0          0   rtexit2.o
       128          0          0          0          0         68   strcmpv7m.o
        12          4          0          0          0         68   sys_exit.o
        74          0          0          0          0         80   sys_stackheap_outer.o
         2          0          0          0          0         68   use_no_semi.o
        52          4          0          0          0         80   vsnprintf.o
        98          4          0          0          0         92   d2f.o
       340         12          0          0          0        104   dmul.o
       156          4          0          0          0         92   dnaninf.o
        12          0          0          0          0         68   dretinf.o
        86          4          0          0          0         84   f2d.o
        62          4          0          0          0         84   ffixu.o
        38          0          0          0          0         68   fflt_clz.o
       140          4          0          0          0         84   fnaninf.o
        10          0          0          0          0         68   fretinf.o
         4          0          0          0          0         68   printf1.o
         4          0          0          0          0         68   printf2.o
         0          0          0          0          0          0   usenofp.o
        40          0          0          0          0         68   fpclassify.o

    ----------------------------------------------------------------------
      7894        298        552          0        100       5128   Library Totals
        20          0          1          0          4          0   (incl. Padding)

    ----------------------------------------------------------------------

      Code (inc. data)   RO Data    RW Data    ZI Data      Debug   Library Name

      6884        266        551          0         96       4180   c_w.l
       950         32          0          0          0        880   fz_ws.l
        40          0          0          0          0         68   m_ws.l

    ----------------------------------------------------------------------
      7894        298        552          0        100       5128   Library Totals

    ----------------------------------------------------------------------

==============================================================================


      Code (inc. data)   RO Data    RW Data    ZI Data      Debug   

     22192       1470       7012        184      36184     412328   Grand Totals
     22192       1470       7012        184      36184     412328   ELF Image Totals
     22192       1470       7012        184          0          0   ROM Totals

==============================================================================

    Total RO  Size (Code + RO Data)                29204 (  28.52kB)
    Total RW  Size (RW Data + ZI Data)             36368 (  35.52kB)
    Total ROM Size (Code + RO Data + RW Data)      29388 (  28.70kB)

==============================================================================

